sajjad@teco:~$ git clone https://github.com/pjreddie/darknet
Cloning into 'darknet'...
remote: Enumerating objects: 5946, done.
remote: Total 5946 (delta 0), reused 0 (delta 0), pack-reused 5946
Receiving objects: 100% (5946/5946), 6.37 MiB | 1.66 MiB/s, done.
Resolving deltas: 100% (3927/3927), done.
sajjad@teco:~$ cd darknet/
sajjad@teco:~/darknet$ ls
cfg       include       LICENSE.gen   LICENSE.mit  python     src
data      LICENSE       LICENSE.gpl   LICENSE.v1   README.md
examples  LICENSE.fuck  LICENSE.meta  Makefile     scripts
sajjad@teco:~/darknet$ make
mkdir -p obj
mkdir -p backup
mkdir -p results
gcc -Iinclude/ -Isrc/ -Wall -Wno-unused-result -Wno-unknown-pragmas -Wfatal-errors -fPIC -Ofast -c ./src/gemm.c -o obj/gemm.o
gcc -Iinclude/ -Isrc/ -Wall -Wno-unused-result -Wno-unknown-pragmas -Wfatal-errors -fPIC -Ofast -c ./src/utils.c -o obj/utils.o
gcc -Iinclude/ -Isrc/ -Wall -Wno-unused-result -Wno-unknown-pragmas -Wfatal-errors -fPIC -Ofast -c ./src/cuda.c -o obj/cuda.o
gcc -Iinclude/ -Isrc/ -Wall -Wno-unused-result -Wno-unknown-pragmas -Wfatal-errors -fPIC -Ofast -c ./src/deconvolutional_layer.c -o obj/deconvolutional_layer.o
gcc -Iinclude/ -Isrc/ -Wall -Wno-unused-result -Wno-unknown-pragmas -Wfatal-errors -fPIC -Ofast -c ./src/convolutional_layer.c -o obj/convolutional_layer.o
gcc -Iinclude/ -Isrc/ -Wall -Wno-unused-result -Wno-unknown-pragmas -Wfatal-errors -fPIC -Ofast -c ./src/list.c -o obj/list.o
gcc -Iinclude/ -Isrc/ -Wall -Wno-unused-result -Wno-unknown-pragmas -Wfatal-errors -fPIC -Ofast -c ./src/image.c -o obj/image.o
gcc -Iinclude/ -Isrc/ -Wall -Wno-unused-result -Wno-unknown-pragmas -Wfatal-errors -fPIC -Ofast -c ./src/activations.c -o obj/activations.o
gcc -Iinclude/ -Isrc/ -Wall -Wno-unused-result -Wno-unknown-pragmas -Wfatal-errors -fPIC -Ofast -c ./src/im2col.c -o obj/im2col.o
gcc -Iinclude/ -Isrc/ -Wall -Wno-unused-result -Wno-unknown-pragmas -Wfatal-errors -fPIC -Ofast -c ./src/col2im.c -o obj/col2im.o
gcc -Iinclude/ -Isrc/ -Wall -Wno-unused-result -Wno-unknown-pragmas -Wfatal-errors -fPIC -Ofast -c ./src/blas.c -o obj/blas.o
gcc -Iinclude/ -Isrc/ -Wall -Wno-unused-result -Wno-unknown-pragmas -Wfatal-errors -fPIC -Ofast -c ./src/crop_layer.c -o obj/crop_layer.o
gcc -Iinclude/ -Isrc/ -Wall -Wno-unused-result -Wno-unknown-pragmas -Wfatal-errors -fPIC -Ofast -c ./src/dropout_layer.c -o obj/dropout_layer.o
gcc -Iinclude/ -Isrc/ -Wall -Wno-unused-result -Wno-unknown-pragmas -Wfatal-errors -fPIC -Ofast -c ./src/maxpool_layer.c -o obj/maxpool_layer.o
gcc -Iinclude/ -Isrc/ -Wall -Wno-unused-result -Wno-unknown-pragmas -Wfatal-errors -fPIC -Ofast -c ./src/softmax_layer.c -o obj/softmax_layer.o
gcc -Iinclude/ -Isrc/ -Wall -Wno-unused-result -Wno-unknown-pragmas -Wfatal-errors -fPIC -Ofast -c ./src/data.c -o obj/data.o
gcc -Iinclude/ -Isrc/ -Wall -Wno-unused-result -Wno-unknown-pragmas -Wfatal-errors -fPIC -Ofast -c ./src/matrix.c -o obj/matrix.o
gcc -Iinclude/ -Isrc/ -Wall -Wno-unused-result -Wno-unknown-pragmas -Wfatal-errors -fPIC -Ofast -c ./src/network.c -o obj/network.o
gcc -Iinclude/ -Isrc/ -Wall -Wno-unused-result -Wno-unknown-pragmas -Wfatal-errors -fPIC -Ofast -c ./src/connected_layer.c -o obj/connected_layer.o
gcc -Iinclude/ -Isrc/ -Wall -Wno-unused-result -Wno-unknown-pragmas -Wfatal-errors -fPIC -Ofast -c ./src/cost_layer.c -o obj/cost_layer.o
gcc -Iinclude/ -Isrc/ -Wall -Wno-unused-result -Wno-unknown-pragmas -Wfatal-errors -fPIC -Ofast -c ./src/parser.c -o obj/parser.o
gcc -Iinclude/ -Isrc/ -Wall -Wno-unused-result -Wno-unknown-pragmas -Wfatal-errors -fPIC -Ofast -c ./src/option_list.c -o obj/option_list.o
gcc -Iinclude/ -Isrc/ -Wall -Wno-unused-result -Wno-unknown-pragmas -Wfatal-errors -fPIC -Ofast -c ./src/detection_layer.c -o obj/detection_layer.o
gcc -Iinclude/ -Isrc/ -Wall -Wno-unused-result -Wno-unknown-pragmas -Wfatal-errors -fPIC -Ofast -c ./src/route_layer.c -o obj/route_layer.o
gcc -Iinclude/ -Isrc/ -Wall -Wno-unused-result -Wno-unknown-pragmas -Wfatal-errors -fPIC -Ofast -c ./src/upsample_layer.c -o obj/upsample_layer.o
gcc -Iinclude/ -Isrc/ -Wall -Wno-unused-result -Wno-unknown-pragmas -Wfatal-errors -fPIC -Ofast -c ./src/box.c -o obj/box.o
gcc -Iinclude/ -Isrc/ -Wall -Wno-unused-result -Wno-unknown-pragmas -Wfatal-errors -fPIC -Ofast -c ./src/normalization_layer.c -o obj/normalization_layer.o
gcc -Iinclude/ -Isrc/ -Wall -Wno-unused-result -Wno-unknown-pragmas -Wfatal-errors -fPIC -Ofast -c ./src/avgpool_layer.c -o obj/avgpool_layer.o
gcc -Iinclude/ -Isrc/ -Wall -Wno-unused-result -Wno-unknown-pragmas -Wfatal-errors -fPIC -Ofast -c ./src/layer.c -o obj/layer.o
gcc -Iinclude/ -Isrc/ -Wall -Wno-unused-result -Wno-unknown-pragmas -Wfatal-errors -fPIC -Ofast -c ./src/local_layer.c -o obj/local_layer.o
gcc -Iinclude/ -Isrc/ -Wall -Wno-unused-result -Wno-unknown-pragmas -Wfatal-errors -fPIC -Ofast -c ./src/shortcut_layer.c -o obj/shortcut_layer.o
gcc -Iinclude/ -Isrc/ -Wall -Wno-unused-result -Wno-unknown-pragmas -Wfatal-errors -fPIC -Ofast -c ./src/logistic_layer.c -o obj/logistic_layer.o
gcc -Iinclude/ -Isrc/ -Wall -Wno-unused-result -Wno-unknown-pragmas -Wfatal-errors -fPIC -Ofast -c ./src/activation_layer.c -o obj/activation_layer.o
gcc -Iinclude/ -Isrc/ -Wall -Wno-unused-result -Wno-unknown-pragmas -Wfatal-errors -fPIC -Ofast -c ./src/rnn_layer.c -o obj/rnn_layer.o
gcc -Iinclude/ -Isrc/ -Wall -Wno-unused-result -Wno-unknown-pragmas -Wfatal-errors -fPIC -Ofast -c ./src/gru_layer.c -o obj/gru_layer.o
gcc -Iinclude/ -Isrc/ -Wall -Wno-unused-result -Wno-unknown-pragmas -Wfatal-errors -fPIC -Ofast -c ./src/crnn_layer.c -o obj/crnn_layer.o
gcc -Iinclude/ -Isrc/ -Wall -Wno-unused-result -Wno-unknown-pragmas -Wfatal-errors -fPIC -Ofast -c ./src/demo.c -o obj/demo.o
gcc -Iinclude/ -Isrc/ -Wall -Wno-unused-result -Wno-unknown-pragmas -Wfatal-errors -fPIC -Ofast -c ./src/batchnorm_layer.c -o obj/batchnorm_layer.o
gcc -Iinclude/ -Isrc/ -Wall -Wno-unused-result -Wno-unknown-pragmas -Wfatal-errors -fPIC -Ofast -c ./src/region_layer.c -o obj/region_layer.o
gcc -Iinclude/ -Isrc/ -Wall -Wno-unused-result -Wno-unknown-pragmas -Wfatal-errors -fPIC -Ofast -c ./src/reorg_layer.c -o obj/reorg_layer.o
gcc -Iinclude/ -Isrc/ -Wall -Wno-unused-result -Wno-unknown-pragmas -Wfatal-errors -fPIC -Ofast -c ./src/tree.c -o obj/tree.o
gcc -Iinclude/ -Isrc/ -Wall -Wno-unused-result -Wno-unknown-pragmas -Wfatal-errors -fPIC -Ofast -c ./src/lstm_layer.c -o obj/lstm_layer.o
gcc -Iinclude/ -Isrc/ -Wall -Wno-unused-result -Wno-unknown-pragmas -Wfatal-errors -fPIC -Ofast -c ./src/l2norm_layer.c -o obj/l2norm_layer.o
gcc -Iinclude/ -Isrc/ -Wall -Wno-unused-result -Wno-unknown-pragmas -Wfatal-errors -fPIC -Ofast -c ./src/yolo_layer.c -o obj/yolo_layer.o
gcc -Iinclude/ -Isrc/ -Wall -Wno-unused-result -Wno-unknown-pragmas -Wfatal-errors -fPIC -Ofast -c ./src/iseg_layer.c -o obj/iseg_layer.o
g++ -Iinclude/ -Isrc/ -Wall -Wno-unused-result -Wno-unknown-pragmas -Wfatal-errors -fPIC -Ofast -c ./src/image_opencv.cpp -o obj/image_opencv.o
gcc -Wall -Wno-unused-result -Wno-unknown-pragmas -Wfatal-errors -fPIC -Ofast -shared obj/gemm.o obj/utils.o obj/cuda.o obj/deconvolutional_layer.o obj/convolutional_layer.o obj/list.o obj/image.o obj/activations.o obj/im2col.o obj/col2im.o obj/blas.o obj/crop_layer.o obj/dropout_layer.o obj/maxpool_layer.o obj/softmax_layer.o obj/data.o obj/matrix.o obj/network.o obj/connected_layer.o obj/cost_layer.o obj/parser.o obj/option_list.o obj/detection_layer.o obj/route_layer.o obj/upsample_layer.o obj/box.o obj/normalization_layer.o obj/avgpool_layer.o obj/layer.o obj/local_layer.o obj/shortcut_layer.o obj/logistic_layer.o obj/activation_layer.o obj/rnn_layer.o obj/gru_layer.o obj/crnn_layer.o obj/demo.o obj/batchnorm_layer.o obj/region_layer.o obj/reorg_layer.o obj/tree.o obj/lstm_layer.o obj/l2norm_layer.o obj/yolo_layer.o obj/iseg_layer.o obj/image_opencv.o -o libdarknet.so -lm -pthread 
ar rcs libdarknet.a obj/gemm.o obj/utils.o obj/cuda.o obj/deconvolutional_layer.o obj/convolutional_layer.o obj/list.o obj/image.o obj/activations.o obj/im2col.o obj/col2im.o obj/blas.o obj/crop_layer.o obj/dropout_layer.o obj/maxpool_layer.o obj/softmax_layer.o obj/data.o obj/matrix.o obj/network.o obj/connected_layer.o obj/cost_layer.o obj/parser.o obj/option_list.o obj/detection_layer.o obj/route_layer.o obj/upsample_layer.o obj/box.o obj/normalization_layer.o obj/avgpool_layer.o obj/layer.o obj/local_layer.o obj/shortcut_layer.o obj/logistic_layer.o obj/activation_layer.o obj/rnn_layer.o obj/gru_layer.o obj/crnn_layer.o obj/demo.o obj/batchnorm_layer.o obj/region_layer.o obj/reorg_layer.o obj/tree.o obj/lstm_layer.o obj/l2norm_layer.o obj/yolo_layer.o obj/iseg_layer.o obj/image_opencv.o
gcc -Iinclude/ -Isrc/ -Wall -Wno-unused-result -Wno-unknown-pragmas -Wfatal-errors -fPIC -Ofast -c ./examples/captcha.c -o obj/captcha.o
gcc -Iinclude/ -Isrc/ -Wall -Wno-unused-result -Wno-unknown-pragmas -Wfatal-errors -fPIC -Ofast -c ./examples/lsd.c -o obj/lsd.o
gcc -Iinclude/ -Isrc/ -Wall -Wno-unused-result -Wno-unknown-pragmas -Wfatal-errors -fPIC -Ofast -c ./examples/super.c -o obj/super.o
gcc -Iinclude/ -Isrc/ -Wall -Wno-unused-result -Wno-unknown-pragmas -Wfatal-errors -fPIC -Ofast -c ./examples/art.c -o obj/art.o
gcc -Iinclude/ -Isrc/ -Wall -Wno-unused-result -Wno-unknown-pragmas -Wfatal-errors -fPIC -Ofast -c ./examples/tag.c -o obj/tag.o
gcc -Iinclude/ -Isrc/ -Wall -Wno-unused-result -Wno-unknown-pragmas -Wfatal-errors -fPIC -Ofast -c ./examples/cifar.c -o obj/cifar.o
gcc -Iinclude/ -Isrc/ -Wall -Wno-unused-result -Wno-unknown-pragmas -Wfatal-errors -fPIC -Ofast -c ./examples/go.c -o obj/go.o
gcc -Iinclude/ -Isrc/ -Wall -Wno-unused-result -Wno-unknown-pragmas -Wfatal-errors -fPIC -Ofast -c ./examples/rnn.c -o obj/rnn.o
gcc -Iinclude/ -Isrc/ -Wall -Wno-unused-result -Wno-unknown-pragmas -Wfatal-errors -fPIC -Ofast -c ./examples/segmenter.c -o obj/segmenter.o
gcc -Iinclude/ -Isrc/ -Wall -Wno-unused-result -Wno-unknown-pragmas -Wfatal-errors -fPIC -Ofast -c ./examples/regressor.c -o obj/regressor.o
gcc -Iinclude/ -Isrc/ -Wall -Wno-unused-result -Wno-unknown-pragmas -Wfatal-errors -fPIC -Ofast -c ./examples/classifier.c -o obj/classifier.o
gcc -Iinclude/ -Isrc/ -Wall -Wno-unused-result -Wno-unknown-pragmas -Wfatal-errors -fPIC -Ofast -c ./examples/coco.c -o obj/coco.o
gcc -Iinclude/ -Isrc/ -Wall -Wno-unused-result -Wno-unknown-pragmas -Wfatal-errors -fPIC -Ofast -c ./examples/yolo.c -o obj/yolo.o
gcc -Iinclude/ -Isrc/ -Wall -Wno-unused-result -Wno-unknown-pragmas -Wfatal-errors -fPIC -Ofast -c ./examples/detector.c -o obj/detector.o
gcc -Iinclude/ -Isrc/ -Wall -Wno-unused-result -Wno-unknown-pragmas -Wfatal-errors -fPIC -Ofast -c ./examples/nightmare.c -o obj/nightmare.o
gcc -Iinclude/ -Isrc/ -Wall -Wno-unused-result -Wno-unknown-pragmas -Wfatal-errors -fPIC -Ofast -c ./examples/instance-segmenter.c -o obj/instance-segmenter.o
gcc -Iinclude/ -Isrc/ -Wall -Wno-unused-result -Wno-unknown-pragmas -Wfatal-errors -fPIC -Ofast -c ./examples/darknet.c -o obj/darknet.o
gcc -Iinclude/ -Isrc/ -Wall -Wno-unused-result -Wno-unknown-pragmas -Wfatal-errors -fPIC -Ofast obj/captcha.o obj/lsd.o obj/super.o obj/art.o obj/tag.o obj/cifar.o obj/go.o obj/rnn.o obj/segmenter.o obj/regressor.o obj/classifier.o obj/coco.o obj/yolo.o obj/detector.o obj/nightmare.o obj/instance-segmenter.o obj/darknet.o libdarknet.a -o darknet -lm -pthread  libdarknet.a
sajjad@teco:~/darknet$ ls
backup   examples       LICENSE       LICENSE.meta  obj        scripts
cfg      include        LICENSE.fuck  LICENSE.mit   python     src
darknet  libdarknet.a   LICENSE.gen   LICENSE.v1    README.md
data     libdarknet.so  LICENSE.gpl   Makefile      results
sajjad@teco:~/darknet$ ls data/
9k.labels   coco.names   goal.txt                  inet9k.map        person.jpg
9k.names    dog.jpg      horses.jpg                kite.jpg          scream.jpg
9k.tree     eagle.jpg    imagenet.labels.list      labels            voc.names
coco9k.map  giraffe.jpg  imagenet.shortnames.list  openimages.names
sajjad@teco:~/darknet$ wget https://pjreddie.com/media/files/yolov3.weights
--2022-03-12 17:22:41--  https://pjreddie.com/media/files/yolov3.weights
Resolving pjreddie.com (pjreddie.com)... 128.208.4.108
Connecting to pjreddie.com (pjreddie.com)|128.208.4.108|:443... connected.
HTTP request sent, awaiting response... 200 OK
Length: 248007048 (237M) [application/octet-stream]
Saving to: ‘yolov3.weights’

yolov3.weights      100%[===================>] 236,52M  18,9MB/s    in 13s     

2022-03-12 17:22:55 (17,6 MB/s) - ‘yolov3.weights’ saved [248007048/248007048]

sajjad@teco:~/darknet$ ls
backup   examples       LICENSE       LICENSE.meta  obj        scripts
cfg      include        LICENSE.fuck  LICENSE.mit   python     src
darknet  libdarknet.a   LICENSE.gen   LICENSE.v1    README.md  yolov3.weights
data     libdarknet.so  LICENSE.gpl   Makefile      results
sajjad@teco:~/darknet$ ./darknet detect cfg/
alexnet.cfg                   resnet34.cfg
cifar.cfg                     resnet50.cfg
cifar.test.cfg                resnext101-32x4d.cfg
coco.data                     resnext152-32x4d.cfg
combine9k.data                resnext50.cfg
darknet19_448.cfg             rnn.cfg
darknet19.cfg                 rnn.train.cfg
darknet53_448.cfg             strided.cfg
darknet53.cfg                 t1.test.cfg
darknet9000.cfg               tiny.cfg
darknet.cfg                   vgg-16.cfg
densenet201.cfg               vgg-conv.cfg
extraction22k.cfg             voc.data
extraction.cfg                writing.cfg
extraction.conv.cfg           yolo9000.cfg
go.cfg                        yolov1.cfg
go.test.cfg                   yolov1-tiny.cfg
gru.cfg                       yolov2.cfg
imagenet1k.data               yolov2-tiny.cfg
imagenet22k.dataset           yolov2-tiny-voc.cfg
imagenet9k.hierarchy.dataset  yolov2-voc.cfg
jnet-conv.cfg                 yolov3.cfg
openimages.data               yolov3-openimages.cfg
resnet101.cfg                 yolov3-spp.cfg
resnet152.cfg                 yolov3-tiny.cfg
resnet18.cfg                  yolov3-voc.cfg
sajjad@teco:~/darknet$ ./darknet detect cfg/yolov3.cfg yolov3.weights data/dog.jpg 
layer     filters    size              input                output
    0 conv     32  3 x 3 / 1   608 x 608 x   3   ->   608 x 608 x  32  0.639 BFLOPs
    1 conv     64  3 x 3 / 2   608 x 608 x  32   ->   304 x 304 x  64  3.407 BFLOPs
    2 conv     32  1 x 1 / 1   304 x 304 x  64   ->   304 x 304 x  32  0.379 BFLOPs
    3 conv     64  3 x 3 / 1   304 x 304 x  32   ->   304 x 304 x  64  3.407 BFLOPs
    4 res    1                 304 x 304 x  64   ->   304 x 304 x  64
    5 conv    128  3 x 3 / 2   304 x 304 x  64   ->   152 x 152 x 128  3.407 BFLOPs
    6 conv     64  1 x 1 / 1   152 x 152 x 128   ->   152 x 152 x  64  0.379 BFLOPs
    7 conv    128  3 x 3 / 1   152 x 152 x  64   ->   152 x 152 x 128  3.407 BFLOPs
    8 res    5                 152 x 152 x 128   ->   152 x 152 x 128
    9 conv     64  1 x 1 / 1   152 x 152 x 128   ->   152 x 152 x  64  0.379 BFLOPs
   10 conv    128  3 x 3 / 1   152 x 152 x  64   ->   152 x 152 x 128  3.407 BFLOPs
   11 res    8                 152 x 152 x 128   ->   152 x 152 x 128
   12 conv    256  3 x 3 / 2   152 x 152 x 128   ->    76 x  76 x 256  3.407 BFLOPs
   13 conv    128  1 x 1 / 1    76 x  76 x 256   ->    76 x  76 x 128  0.379 BFLOPs
   14 conv    256  3 x 3 / 1    76 x  76 x 128   ->    76 x  76 x 256  3.407 BFLOPs
   15 res   12                  76 x  76 x 256   ->    76 x  76 x 256
   16 conv    128  1 x 1 / 1    76 x  76 x 256   ->    76 x  76 x 128  0.379 BFLOPs
   17 conv    256  3 x 3 / 1    76 x  76 x 128   ->    76 x  76 x 256  3.407 BFLOPs
   18 res   15                  76 x  76 x 256   ->    76 x  76 x 256
   19 conv    128  1 x 1 / 1    76 x  76 x 256   ->    76 x  76 x 128  0.379 BFLOPs
   20 conv    256  3 x 3 / 1    76 x  76 x 128   ->    76 x  76 x 256  3.407 BFLOPs
   21 res   18                  76 x  76 x 256   ->    76 x  76 x 256
   22 conv    128  1 x 1 / 1    76 x  76 x 256   ->    76 x  76 x 128  0.379 BFLOPs
   23 conv    256  3 x 3 / 1    76 x  76 x 128   ->    76 x  76 x 256  3.407 BFLOPs
   24 res   21                  76 x  76 x 256   ->    76 x  76 x 256
   25 conv    128  1 x 1 / 1    76 x  76 x 256   ->    76 x  76 x 128  0.379 BFLOPs
   26 conv    256  3 x 3 / 1    76 x  76 x 128   ->    76 x  76 x 256  3.407 BFLOPs
   27 res   24                  76 x  76 x 256   ->    76 x  76 x 256
   28 conv    128  1 x 1 / 1    76 x  76 x 256   ->    76 x  76 x 128  0.379 BFLOPs
   29 conv    256  3 x 3 / 1    76 x  76 x 128   ->    76 x  76 x 256  3.407 BFLOPs
   30 res   27                  76 x  76 x 256   ->    76 x  76 x 256
   31 conv    128  1 x 1 / 1    76 x  76 x 256   ->    76 x  76 x 128  0.379 BFLOPs
   32 conv    256  3 x 3 / 1    76 x  76 x 128   ->    76 x  76 x 256  3.407 BFLOPs
   33 res   30                  76 x  76 x 256   ->    76 x  76 x 256
   34 conv    128  1 x 1 / 1    76 x  76 x 256   ->    76 x  76 x 128  0.379 BFLOPs
   35 conv    256  3 x 3 / 1    76 x  76 x 128   ->    76 x  76 x 256  3.407 BFLOPs
   36 res   33                  76 x  76 x 256   ->    76 x  76 x 256
   37 conv    512  3 x 3 / 2    76 x  76 x 256   ->    38 x  38 x 512  3.407 BFLOPs
   38 conv    256  1 x 1 / 1    38 x  38 x 512   ->    38 x  38 x 256  0.379 BFLOPs
   39 conv    512  3 x 3 / 1    38 x  38 x 256   ->    38 x  38 x 512  3.407 BFLOPs
   40 res   37                  38 x  38 x 512   ->    38 x  38 x 512
   41 conv    256  1 x 1 / 1    38 x  38 x 512   ->    38 x  38 x 256  0.379 BFLOPs
   42 conv    512  3 x 3 / 1    38 x  38 x 256   ->    38 x  38 x 512  3.407 BFLOPs
   43 res   40                  38 x  38 x 512   ->    38 x  38 x 512
   44 conv    256  1 x 1 / 1    38 x  38 x 512   ->    38 x  38 x 256  0.379 BFLOPs
   45 conv    512  3 x 3 / 1    38 x  38 x 256   ->    38 x  38 x 512  3.407 BFLOPs
   46 res   43                  38 x  38 x 512   ->    38 x  38 x 512
   47 conv    256  1 x 1 / 1    38 x  38 x 512   ->    38 x  38 x 256  0.379 BFLOPs
   48 conv    512  3 x 3 / 1    38 x  38 x 256   ->    38 x  38 x 512  3.407 BFLOPs
   49 res   46                  38 x  38 x 512   ->    38 x  38 x 512
   50 conv    256  1 x 1 / 1    38 x  38 x 512   ->    38 x  38 x 256  0.379 BFLOPs
   51 conv    512  3 x 3 / 1    38 x  38 x 256   ->    38 x  38 x 512  3.407 BFLOPs
   52 res   49                  38 x  38 x 512   ->    38 x  38 x 512
   53 conv    256  1 x 1 / 1    38 x  38 x 512   ->    38 x  38 x 256  0.379 BFLOPs
   54 conv    512  3 x 3 / 1    38 x  38 x 256   ->    38 x  38 x 512  3.407 BFLOPs
   55 res   52                  38 x  38 x 512   ->    38 x  38 x 512
   56 conv    256  1 x 1 / 1    38 x  38 x 512   ->    38 x  38 x 256  0.379 BFLOPs
   57 conv    512  3 x 3 / 1    38 x  38 x 256   ->    38 x  38 x 512  3.407 BFLOPs
   58 res   55                  38 x  38 x 512   ->    38 x  38 x 512
   59 conv    256  1 x 1 / 1    38 x  38 x 512   ->    38 x  38 x 256  0.379 BFLOPs
   60 conv    512  3 x 3 / 1    38 x  38 x 256   ->    38 x  38 x 512  3.407 BFLOPs
   61 res   58                  38 x  38 x 512   ->    38 x  38 x 512
   62 conv   1024  3 x 3 / 2    38 x  38 x 512   ->    19 x  19 x1024  3.407 BFLOPs
   63 conv    512  1 x 1 / 1    19 x  19 x1024   ->    19 x  19 x 512  0.379 BFLOPs
   64 conv   1024  3 x 3 / 1    19 x  19 x 512   ->    19 x  19 x1024  3.407 BFLOPs
   65 res   62                  19 x  19 x1024   ->    19 x  19 x1024
   66 conv    512  1 x 1 / 1    19 x  19 x1024   ->    19 x  19 x 512  0.379 BFLOPs
   67 conv   1024  3 x 3 / 1    19 x  19 x 512   ->    19 x  19 x1024  3.407 BFLOPs
   68 res   65                  19 x  19 x1024   ->    19 x  19 x1024
   69 conv    512  1 x 1 / 1    19 x  19 x1024   ->    19 x  19 x 512  0.379 BFLOPs
   70 conv   1024  3 x 3 / 1    19 x  19 x 512   ->    19 x  19 x1024  3.407 BFLOPs
   71 res   68                  19 x  19 x1024   ->    19 x  19 x1024
   72 conv    512  1 x 1 / 1    19 x  19 x1024   ->    19 x  19 x 512  0.379 BFLOPs
   73 conv   1024  3 x 3 / 1    19 x  19 x 512   ->    19 x  19 x1024  3.407 BFLOPs
   74 res   71                  19 x  19 x1024   ->    19 x  19 x1024
   75 conv    512  1 x 1 / 1    19 x  19 x1024   ->    19 x  19 x 512  0.379 BFLOPs
   76 conv   1024  3 x 3 / 1    19 x  19 x 512   ->    19 x  19 x1024  3.407 BFLOPs
   77 conv    512  1 x 1 / 1    19 x  19 x1024   ->    19 x  19 x 512  0.379 BFLOPs
   78 conv   1024  3 x 3 / 1    19 x  19 x 512   ->    19 x  19 x1024  3.407 BFLOPs
   79 conv    512  1 x 1 / 1    19 x  19 x1024   ->    19 x  19 x 512  0.379 BFLOPs
   80 conv   1024  3 x 3 / 1    19 x  19 x 512   ->    19 x  19 x1024  3.407 BFLOPs
   81 conv    255  1 x 1 / 1    19 x  19 x1024   ->    19 x  19 x 255  0.189 BFLOPs
   82 yolo
   83 route  79
   84 conv    256  1 x 1 / 1    19 x  19 x 512   ->    19 x  19 x 256  0.095 BFLOPs
   85 upsample            2x    19 x  19 x 256   ->    38 x  38 x 256
   86 route  85 61
   87 conv    256  1 x 1 / 1    38 x  38 x 768   ->    38 x  38 x 256  0.568 BFLOPs
   88 conv    512  3 x 3 / 1    38 x  38 x 256   ->    38 x  38 x 512  3.407 BFLOPs
   89 conv    256  1 x 1 / 1    38 x  38 x 512   ->    38 x  38 x 256  0.379 BFLOPs
   90 conv    512  3 x 3 / 1    38 x  38 x 256   ->    38 x  38 x 512  3.407 BFLOPs
   91 conv    256  1 x 1 / 1    38 x  38 x 512   ->    38 x  38 x 256  0.379 BFLOPs
   92 conv    512  3 x 3 / 1    38 x  38 x 256   ->    38 x  38 x 512  3.407 BFLOPs
   93 conv    255  1 x 1 / 1    38 x  38 x 512   ->    38 x  38 x 255  0.377 BFLOPs
   94 yolo
   95 route  91
   96 conv    128  1 x 1 / 1    38 x  38 x 256   ->    38 x  38 x 128  0.095 BFLOPs
   97 upsample            2x    38 x  38 x 128   ->    76 x  76 x 128
   98 route  97 36
   99 conv    128  1 x 1 / 1    76 x  76 x 384   ->    76 x  76 x 128  0.568 BFLOPs
  100 conv    256  3 x 3 / 1    76 x  76 x 128   ->    76 x  76 x 256  3.407 BFLOPs
  101 conv    128  1 x 1 / 1    76 x  76 x 256   ->    76 x  76 x 128  0.379 BFLOPs
  102 conv    256  3 x 3 / 1    76 x  76 x 128   ->    76 x  76 x 256  3.407 BFLOPs
  103 conv    128  1 x 1 / 1    76 x  76 x 256   ->    76 x  76 x 128  0.379 BFLOPs
  104 conv    256  3 x 3 / 1    76 x  76 x 128   ->    76 x  76 x 256  3.407 BFLOPs
  105 conv    255  1 x 1 / 1    76 x  76 x 256   ->    76 x  76 x 255  0.754 BFLOPs
  106 yolo
Loading weights from yolov3.weights...Done!
data/dog.jpg: Predicted in 11.865314 seconds.
dog: 100%
truck: 92%
bicycle: 99%
sajjad@teco:~/darknet$ ./darknet detector test cfg/coco.data cfg/yolov3.cfg yolov3.weights data/dog.jpg 
layer     filters    size              input                output
    0 conv     32  3 x 3 / 1   608 x 608 x   3   ->   608 x 608 x  32  0.639 BFLOPs
    1 conv     64  3 x 3 / 2   608 x 608 x  32   ->   304 x 304 x  64  3.407 BFLOPs
    2 conv     32  1 x 1 / 1   304 x 304 x  64   ->   304 x 304 x  32  0.379 BFLOPs
    3 conv     64  3 x 3 / 1   304 x 304 x  32   ->   304 x 304 x  64  3.407 BFLOPs
    4 res    1                 304 x 304 x  64   ->   304 x 304 x  64
    5 conv    128  3 x 3 / 2   304 x 304 x  64   ->   152 x 152 x 128  3.407 BFLOPs
    6 conv     64  1 x 1 / 1   152 x 152 x 128   ->   152 x 152 x  64  0.379 BFLOPs
    7 conv    128  3 x 3 / 1   152 x 152 x  64   ->   152 x 152 x 128  3.407 BFLOPs
    8 res    5                 152 x 152 x 128   ->   152 x 152 x 128
    9 conv     64  1 x 1 / 1   152 x 152 x 128   ->   152 x 152 x  64  0.379 BFLOPs
   10 conv    128  3 x 3 / 1   152 x 152 x  64   ->   152 x 152 x 128  3.407 BFLOPs
   11 res    8                 152 x 152 x 128   ->   152 x 152 x 128
   12 conv    256  3 x 3 / 2   152 x 152 x 128   ->    76 x  76 x 256  3.407 BFLOPs
   13 conv    128  1 x 1 / 1    76 x  76 x 256   ->    76 x  76 x 128  0.379 BFLOPs
   14 conv    256  3 x 3 / 1    76 x  76 x 128   ->    76 x  76 x 256  3.407 BFLOPs
   15 res   12                  76 x  76 x 256   ->    76 x  76 x 256
   16 conv    128  1 x 1 / 1    76 x  76 x 256   ->    76 x  76 x 128  0.379 BFLOPs
   17 conv    256  3 x 3 / 1    76 x  76 x 128   ->    76 x  76 x 256  3.407 BFLOPs
   18 res   15                  76 x  76 x 256   ->    76 x  76 x 256
   19 conv    128  1 x 1 / 1    76 x  76 x 256   ->    76 x  76 x 128  0.379 BFLOPs
   20 conv    256  3 x 3 / 1    76 x  76 x 128   ->    76 x  76 x 256  3.407 BFLOPs
   21 res   18                  76 x  76 x 256   ->    76 x  76 x 256
   22 conv    128  1 x 1 / 1    76 x  76 x 256   ->    76 x  76 x 128  0.379 BFLOPs
   23 conv    256  3 x 3 / 1    76 x  76 x 128   ->    76 x  76 x 256  3.407 BFLOPs
   24 res   21                  76 x  76 x 256   ->    76 x  76 x 256
   25 conv    128  1 x 1 / 1    76 x  76 x 256   ->    76 x  76 x 128  0.379 BFLOPs
   26 conv    256  3 x 3 / 1    76 x  76 x 128   ->    76 x  76 x 256  3.407 BFLOPs
   27 res   24                  76 x  76 x 256   ->    76 x  76 x 256
   28 conv    128  1 x 1 / 1    76 x  76 x 256   ->    76 x  76 x 128  0.379 BFLOPs
   29 conv    256  3 x 3 / 1    76 x  76 x 128   ->    76 x  76 x 256  3.407 BFLOPs
   30 res   27                  76 x  76 x 256   ->    76 x  76 x 256
   31 conv    128  1 x 1 / 1    76 x  76 x 256   ->    76 x  76 x 128  0.379 BFLOPs
   32 conv    256  3 x 3 / 1    76 x  76 x 128   ->    76 x  76 x 256  3.407 BFLOPs
   33 res   30                  76 x  76 x 256   ->    76 x  76 x 256
   34 conv    128  1 x 1 / 1    76 x  76 x 256   ->    76 x  76 x 128  0.379 BFLOPs
   35 conv    256  3 x 3 / 1    76 x  76 x 128   ->    76 x  76 x 256  3.407 BFLOPs
   36 res   33                  76 x  76 x 256   ->    76 x  76 x 256
   37 conv    512  3 x 3 / 2    76 x  76 x 256   ->    38 x  38 x 512  3.407 BFLOPs
   38 conv    256  1 x 1 / 1    38 x  38 x 512   ->    38 x  38 x 256  0.379 BFLOPs
   39 conv    512  3 x 3 / 1    38 x  38 x 256   ->    38 x  38 x 512  3.407 BFLOPs
   40 res   37                  38 x  38 x 512   ->    38 x  38 x 512
   41 conv    256  1 x 1 / 1    38 x  38 x 512   ->    38 x  38 x 256  0.379 BFLOPs
   42 conv    512  3 x 3 / 1    38 x  38 x 256   ->    38 x  38 x 512  3.407 BFLOPs
   43 res   40                  38 x  38 x 512   ->    38 x  38 x 512
   44 conv    256  1 x 1 / 1    38 x  38 x 512   ->    38 x  38 x 256  0.379 BFLOPs
   45 conv    512  3 x 3 / 1    38 x  38 x 256   ->    38 x  38 x 512  3.407 BFLOPs
   46 res   43                  38 x  38 x 512   ->    38 x  38 x 512
   47 conv    256  1 x 1 / 1    38 x  38 x 512   ->    38 x  38 x 256  0.379 BFLOPs
   48 conv    512  3 x 3 / 1    38 x  38 x 256   ->    38 x  38 x 512  3.407 BFLOPs
   49 res   46                  38 x  38 x 512   ->    38 x  38 x 512
   50 conv    256  1 x 1 / 1    38 x  38 x 512   ->    38 x  38 x 256  0.379 BFLOPs
   51 conv    512  3 x 3 / 1    38 x  38 x 256   ->    38 x  38 x 512  3.407 BFLOPs
   52 res   49                  38 x  38 x 512   ->    38 x  38 x 512
   53 conv    256  1 x 1 / 1    38 x  38 x 512   ->    38 x  38 x 256  0.379 BFLOPs
   54 conv    512  3 x 3 / 1    38 x  38 x 256   ->    38 x  38 x 512  3.407 BFLOPs
   55 res   52                  38 x  38 x 512   ->    38 x  38 x 512
   56 conv    256  1 x 1 / 1    38 x  38 x 512   ->    38 x  38 x 256  0.379 BFLOPs
   57 conv    512  3 x 3 / 1    38 x  38 x 256   ->    38 x  38 x 512  3.407 BFLOPs
   58 res   55                  38 x  38 x 512   ->    38 x  38 x 512
   59 conv    256  1 x 1 / 1    38 x  38 x 512   ->    38 x  38 x 256  0.379 BFLOPs
   60 conv    512  3 x 3 / 1    38 x  38 x 256   ->    38 x  38 x 512  3.407 BFLOPs
   61 res   58                  38 x  38 x 512   ->    38 x  38 x 512
   62 conv   1024  3 x 3 / 2    38 x  38 x 512   ->    19 x  19 x1024  3.407 BFLOPs
   63 conv    512  1 x 1 / 1    19 x  19 x1024   ->    19 x  19 x 512  0.379 BFLOPs
   64 conv   1024  3 x 3 / 1    19 x  19 x 512   ->    19 x  19 x1024  3.407 BFLOPs
   65 res   62                  19 x  19 x1024   ->    19 x  19 x1024
   66 conv    512  1 x 1 / 1    19 x  19 x1024   ->    19 x  19 x 512  0.379 BFLOPs
   67 conv   1024  3 x 3 / 1    19 x  19 x 512   ->    19 x  19 x1024  3.407 BFLOPs
   68 res   65                  19 x  19 x1024   ->    19 x  19 x1024
   69 conv    512  1 x 1 / 1    19 x  19 x1024   ->    19 x  19 x 512  0.379 BFLOPs
   70 conv   1024  3 x 3 / 1    19 x  19 x 512   ->    19 x  19 x1024  3.407 BFLOPs
   71 res   68                  19 x  19 x1024   ->    19 x  19 x1024
   72 conv    512  1 x 1 / 1    19 x  19 x1024   ->    19 x  19 x 512  0.379 BFLOPs
   73 conv   1024  3 x 3 / 1    19 x  19 x 512   ->    19 x  19 x1024  3.407 BFLOPs
   74 res   71                  19 x  19 x1024   ->    19 x  19 x1024
   75 conv    512  1 x 1 / 1    19 x  19 x1024   ->    19 x  19 x 512  0.379 BFLOPs
   76 conv   1024  3 x 3 / 1    19 x  19 x 512   ->    19 x  19 x1024  3.407 BFLOPs
   77 conv    512  1 x 1 / 1    19 x  19 x1024   ->    19 x  19 x 512  0.379 BFLOPs
   78 conv   1024  3 x 3 / 1    19 x  19 x 512   ->    19 x  19 x1024  3.407 BFLOPs
   79 conv    512  1 x 1 / 1    19 x  19 x1024   ->    19 x  19 x 512  0.379 BFLOPs
   80 conv   1024  3 x 3 / 1    19 x  19 x 512   ->    19 x  19 x1024  3.407 BFLOPs
   81 conv    255  1 x 1 / 1    19 x  19 x1024   ->    19 x  19 x 255  0.189 BFLOPs
   82 yolo
   83 route  79
   84 conv    256  1 x 1 / 1    19 x  19 x 512   ->    19 x  19 x 256  0.095 BFLOPs
   85 upsample            2x    19 x  19 x 256   ->    38 x  38 x 256
   86 route  85 61
   87 conv    256  1 x 1 / 1    38 x  38 x 768   ->    38 x  38 x 256  0.568 BFLOPs
   88 conv    512  3 x 3 / 1    38 x  38 x 256   ->    38 x  38 x 512  3.407 BFLOPs
   89 conv    256  1 x 1 / 1    38 x  38 x 512   ->    38 x  38 x 256  0.379 BFLOPs
   90 conv    512  3 x 3 / 1    38 x  38 x 256   ->    38 x  38 x 512  3.407 BFLOPs
   91 conv    256  1 x 1 / 1    38 x  38 x 512   ->    38 x  38 x 256  0.379 BFLOPs
   92 conv    512  3 x 3 / 1    38 x  38 x 256   ->    38 x  38 x 512  3.407 BFLOPs
   93 conv    255  1 x 1 / 1    38 x  38 x 512   ->    38 x  38 x 255  0.377 BFLOPs
   94 yolo
   95 route  91
   96 conv    128  1 x 1 / 1    38 x  38 x 256   ->    38 x  38 x 128  0.095 BFLOPs
   97 upsample            2x    38 x  38 x 128   ->    76 x  76 x 128
   98 route  97 36
   99 conv    128  1 x 1 / 1    76 x  76 x 384   ->    76 x  76 x 128  0.568 BFLOPs
  100 conv    256  3 x 3 / 1    76 x  76 x 128   ->    76 x  76 x 256  3.407 BFLOPs
  101 conv    128  1 x 1 / 1    76 x  76 x 256   ->    76 x  76 x 128  0.379 BFLOPs
  102 conv    256  3 x 3 / 1    76 x  76 x 128   ->    76 x  76 x 256  3.407 BFLOPs
  103 conv    128  1 x 1 / 1    76 x  76 x 256   ->    76 x  76 x 128  0.379 BFLOPs
  104 conv    256  3 x 3 / 1    76 x  76 x 128   ->    76 x  76 x 256  3.407 BFLOPs
  105 conv    255  1 x 1 / 1    76 x  76 x 256   ->    76 x  76 x 255  0.754 BFLOPs
  106 yolo
Loading weights from yolov3.weights...Done!
data/dog.jpg: Predicted in 12.532881 seconds.
dog: 100%
truck: 92%
bicycle: 99%
sajjad@teco:~/darknet$ wget https://pjreddie.com/media/files/yolov3-openimages.weights
--2022-03-12 17:28:06--  https://pjreddie.com/media/files/yolov3-openimages.weights
Resolving pjreddie.com (pjreddie.com)... 128.208.4.108
Connecting to pjreddie.com (pjreddie.com)|128.208.4.108|:443... connected.
HTTP request sent, awaiting response... 200 OK
Length: 259229388 (247M) [application/octet-stream]
Saving to: ‘yolov3-openimages.weights’

yolov3-openimages.w 100%[===================>] 247,22M  18,6MB/s    in 14s     

2022-03-12 17:28:21 (17,4 MB/s) - ‘yolov3-openimages.weights’ saved [259229388/259229388]

sajjad@teco:~/darknet$ ./darknet detector test cfg/openimages.data cfg/yolov3-openimages.cfg yolov3-openimages.weights
layer     filters    size              input                output
    0 conv     32  3 x 3 / 1   608 x 608 x   3   ->   608 x 608 x  32  0.639 BFLOPs
    1 conv     64  3 x 3 / 2   608 x 608 x  32   ->   304 x 304 x  64  3.407 BFLOPs
    2 conv     32  1 x 1 / 1   304 x 304 x  64   ->   304 x 304 x  32  0.379 BFLOPs
    3 conv     64  3 x 3 / 1   304 x 304 x  32   ->   304 x 304 x  64  3.407 BFLOPs
    4 res    1                 304 x 304 x  64   ->   304 x 304 x  64
    5 conv    128  3 x 3 / 2   304 x 304 x  64   ->   152 x 152 x 128  3.407 BFLOPs
    6 conv     64  1 x 1 / 1   152 x 152 x 128   ->   152 x 152 x  64  0.379 BFLOPs
    7 conv    128  3 x 3 / 1   152 x 152 x  64   ->   152 x 152 x 128  3.407 BFLOPs
    8 res    5                 152 x 152 x 128   ->   152 x 152 x 128
    9 conv     64  1 x 1 / 1   152 x 152 x 128   ->   152 x 152 x  64  0.379 BFLOPs
   10 conv    128  3 x 3 / 1   152 x 152 x  64   ->   152 x 152 x 128  3.407 BFLOPs
   11 res    8                 152 x 152 x 128   ->   152 x 152 x 128
   12 conv    256  3 x 3 / 2   152 x 152 x 128   ->    76 x  76 x 256  3.407 BFLOPs
   13 conv    128  1 x 1 / 1    76 x  76 x 256   ->    76 x  76 x 128  0.379 BFLOPs
   14 conv    256  3 x 3 / 1    76 x  76 x 128   ->    76 x  76 x 256  3.407 BFLOPs
   15 res   12                  76 x  76 x 256   ->    76 x  76 x 256
   16 conv    128  1 x 1 / 1    76 x  76 x 256   ->    76 x  76 x 128  0.379 BFLOPs
   17 conv    256  3 x 3 / 1    76 x  76 x 128   ->    76 x  76 x 256  3.407 BFLOPs
   18 res   15                  76 x  76 x 256   ->    76 x  76 x 256
   19 conv    128  1 x 1 / 1    76 x  76 x 256   ->    76 x  76 x 128  0.379 BFLOPs
   20 conv    256  3 x 3 / 1    76 x  76 x 128   ->    76 x  76 x 256  3.407 BFLOPs
   21 res   18                  76 x  76 x 256   ->    76 x  76 x 256
   22 conv    128  1 x 1 / 1    76 x  76 x 256   ->    76 x  76 x 128  0.379 BFLOPs
   23 conv    256  3 x 3 / 1    76 x  76 x 128   ->    76 x  76 x 256  3.407 BFLOPs
   24 res   21                  76 x  76 x 256   ->    76 x  76 x 256
   25 conv    128  1 x 1 / 1    76 x  76 x 256   ->    76 x  76 x 128  0.379 BFLOPs
   26 conv    256  3 x 3 / 1    76 x  76 x 128   ->    76 x  76 x 256  3.407 BFLOPs
   27 res   24                  76 x  76 x 256   ->    76 x  76 x 256
   28 conv    128  1 x 1 / 1    76 x  76 x 256   ->    76 x  76 x 128  0.379 BFLOPs
   29 conv    256  3 x 3 / 1    76 x  76 x 128   ->    76 x  76 x 256  3.407 BFLOPs
   30 res   27                  76 x  76 x 256   ->    76 x  76 x 256
   31 conv    128  1 x 1 / 1    76 x  76 x 256   ->    76 x  76 x 128  0.379 BFLOPs
   32 conv    256  3 x 3 / 1    76 x  76 x 128   ->    76 x  76 x 256  3.407 BFLOPs
   33 res   30                  76 x  76 x 256   ->    76 x  76 x 256
   34 conv    128  1 x 1 / 1    76 x  76 x 256   ->    76 x  76 x 128  0.379 BFLOPs
   35 conv    256  3 x 3 / 1    76 x  76 x 128   ->    76 x  76 x 256  3.407 BFLOPs
   36 res   33                  76 x  76 x 256   ->    76 x  76 x 256
   37 conv    512  3 x 3 / 2    76 x  76 x 256   ->    38 x  38 x 512  3.407 BFLOPs
   38 conv    256  1 x 1 / 1    38 x  38 x 512   ->    38 x  38 x 256  0.379 BFLOPs
   39 conv    512  3 x 3 / 1    38 x  38 x 256   ->    38 x  38 x 512  3.407 BFLOPs
   40 res   37                  38 x  38 x 512   ->    38 x  38 x 512
   41 conv    256  1 x 1 / 1    38 x  38 x 512   ->    38 x  38 x 256  0.379 BFLOPs
   42 conv    512  3 x 3 / 1    38 x  38 x 256   ->    38 x  38 x 512  3.407 BFLOPs
   43 res   40                  38 x  38 x 512   ->    38 x  38 x 512
   44 conv    256  1 x 1 / 1    38 x  38 x 512   ->    38 x  38 x 256  0.379 BFLOPs
   45 conv    512  3 x 3 / 1    38 x  38 x 256   ->    38 x  38 x 512  3.407 BFLOPs
   46 res   43                  38 x  38 x 512   ->    38 x  38 x 512
   47 conv    256  1 x 1 / 1    38 x  38 x 512   ->    38 x  38 x 256  0.379 BFLOPs
   48 conv    512  3 x 3 / 1    38 x  38 x 256   ->    38 x  38 x 512  3.407 BFLOPs
   49 res   46                  38 x  38 x 512   ->    38 x  38 x 512
   50 conv    256  1 x 1 / 1    38 x  38 x 512   ->    38 x  38 x 256  0.379 BFLOPs
   51 conv    512  3 x 3 / 1    38 x  38 x 256   ->    38 x  38 x 512  3.407 BFLOPs
   52 res   49                  38 x  38 x 512   ->    38 x  38 x 512
   53 conv    256  1 x 1 / 1    38 x  38 x 512   ->    38 x  38 x 256  0.379 BFLOPs
   54 conv    512  3 x 3 / 1    38 x  38 x 256   ->    38 x  38 x 512  3.407 BFLOPs
   55 res   52                  38 x  38 x 512   ->    38 x  38 x 512
   56 conv    256  1 x 1 / 1    38 x  38 x 512   ->    38 x  38 x 256  0.379 BFLOPs
   57 conv    512  3 x 3 / 1    38 x  38 x 256   ->    38 x  38 x 512  3.407 BFLOPs
   58 res   55                  38 x  38 x 512   ->    38 x  38 x 512
   59 conv    256  1 x 1 / 1    38 x  38 x 512   ->    38 x  38 x 256  0.379 BFLOPs
   60 conv    512  3 x 3 / 1    38 x  38 x 256   ->    38 x  38 x 512  3.407 BFLOPs
   61 res   58                  38 x  38 x 512   ->    38 x  38 x 512
   62 conv   1024  3 x 3 / 2    38 x  38 x 512   ->    19 x  19 x1024  3.407 BFLOPs
   63 conv    512  1 x 1 / 1    19 x  19 x1024   ->    19 x  19 x 512  0.379 BFLOPs
   64 conv   1024  3 x 3 / 1    19 x  19 x 512   ->    19 x  19 x1024  3.407 BFLOPs
   65 res   62                  19 x  19 x1024   ->    19 x  19 x1024
   66 conv    512  1 x 1 / 1    19 x  19 x1024   ->    19 x  19 x 512  0.379 BFLOPs
   67 conv   1024  3 x 3 / 1    19 x  19 x 512   ->    19 x  19 x1024  3.407 BFLOPs
   68 res   65                  19 x  19 x1024   ->    19 x  19 x1024
   69 conv    512  1 x 1 / 1    19 x  19 x1024   ->    19 x  19 x 512  0.379 BFLOPs
   70 conv   1024  3 x 3 / 1    19 x  19 x 512   ->    19 x  19 x1024  3.407 BFLOPs
   71 res   68                  19 x  19 x1024   ->    19 x  19 x1024
   72 conv    512  1 x 1 / 1    19 x  19 x1024   ->    19 x  19 x 512  0.379 BFLOPs
   73 conv   1024  3 x 3 / 1    19 x  19 x 512   ->    19 x  19 x1024  3.407 BFLOPs
   74 res   71                  19 x  19 x1024   ->    19 x  19 x1024
   75 conv    512  1 x 1 / 1    19 x  19 x1024   ->    19 x  19 x 512  0.379 BFLOPs
   76 conv   1024  3 x 3 / 1    19 x  19 x 512   ->    19 x  19 x1024  3.407 BFLOPs
   77 conv    512  1 x 1 / 1    19 x  19 x1024   ->    19 x  19 x 512  0.379 BFLOPs
   78 conv   1024  3 x 3 / 1    19 x  19 x 512   ->    19 x  19 x1024  3.407 BFLOPs
   79 conv    512  1 x 1 / 1    19 x  19 x1024   ->    19 x  19 x 512  0.379 BFLOPs
   80 conv   1024  3 x 3 / 1    19 x  19 x 512   ->    19 x  19 x1024  3.407 BFLOPs
   81 conv   1818  1 x 1 / 1    19 x  19 x1024   ->    19 x  19 x1818  1.344 BFLOPs
   82 yolo
   83 route  79
   84 conv    256  1 x 1 / 1    19 x  19 x 512   ->    19 x  19 x 256  0.095 BFLOPs
   85 upsample            2x    19 x  19 x 256   ->    38 x  38 x 256
   86 route  85 61
   87 conv    256  1 x 1 / 1    38 x  38 x 768   ->    38 x  38 x 256  0.568 BFLOPs
   88 conv    512  3 x 3 / 1    38 x  38 x 256   ->    38 x  38 x 512  3.407 BFLOPs
   89 conv    256  1 x 1 / 1    38 x  38 x 512   ->    38 x  38 x 256  0.379 BFLOPs
   90 conv    512  3 x 3 / 1    38 x  38 x 256   ->    38 x  38 x 512  3.407 BFLOPs
   91 conv    256  1 x 1 / 1    38 x  38 x 512   ->    38 x  38 x 256  0.379 BFLOPs
   92 conv    512  3 x 3 / 1    38 x  38 x 256   ->    38 x  38 x 512  3.407 BFLOPs
   93 conv   1818  1 x 1 / 1    38 x  38 x 512   ->    38 x  38 x1818  2.688 BFLOPs
   94 yolo
   95 route  91
   96 conv    128  1 x 1 / 1    38 x  38 x 256   ->    38 x  38 x 128  0.095 BFLOPs
   97 upsample            2x    38 x  38 x 128   ->    76 x  76 x 128
   98 route  97 36
   99 conv    128  1 x 1 / 1    76 x  76 x 384   ->    76 x  76 x 128  0.568 BFLOPs
  100 conv    256  3 x 3 / 1    76 x  76 x 128   ->    76 x  76 x 256  3.407 BFLOPs
  101 conv    128  1 x 1 / 1    76 x  76 x 256   ->    76 x  76 x 128  0.379 BFLOPs
  102 conv    256  3 x 3 / 1    76 x  76 x 128   ->    76 x  76 x 256  3.407 BFLOPs
  103 conv    128  1 x 1 / 1    76 x  76 x 256   ->    76 x  76 x 128  0.379 BFLOPs
  104 conv    256  3 x 3 / 1    76 x  76 x 128   ->    76 x  76 x 256  3.407 BFLOPs
  105 conv   1818  1 x 1 / 1    76 x  76 x 256   ->    76 x  76 x1818  5.376 BFLOPs
  106 yolo
Loading weights from yolov3-openimages.weights...Done!
Enter Image Path: data/horses.jpg
data/horses.jpg: Predicted in 12.562570 seconds.
Mammal: 64%
Animal: 91%
Mammal: 54%
Animal: 76%
Animal: 53%
Enter Image Path: data/dog.jpg
data/dog.jpg: Predicted in 12.540002 seconds.
Carnivore: 79%
Mammal: 77%
Dog: 74%
Animal: 92%
Wheel: 74%
sajjad@teco:~/darknet$ ./darknet detect cfg/yolov3.cfg yolov3.weights data/dog.jpg 


