https://petri.com/docker-for-windows-create-a-linux-container-on-windows-10/
Docker For Windows: Create a Linux Container on Windows 10
https://realpython.com/python-versions-docker/
Run Python Versions in Docker: How to Try the Latest Python Release

Microsoft Windows [Version 10.0.19044.1586]
(c) Microsoft Corporation. All rights reserved.

C:\Windows\system32>d:

D:\>cd Downloads\novelsense\example-network\2_convert_network

D:\Downloads\novelsense\example-network\2_convert_network>ls
README.md  convert.bat  data  network  outputs

D:\Downloads\novelsense\example-network\2_convert_network>convert.bat

D:\Downloads\novelsense\example-network\2_convert_network>docker run --rm --name conv-test -it  --mount type=bind,source=D:\Downloads\novelsense\example-network\2_convert_network\data,target=/acuity-toolkit/python/data  --mount type=bind,source=D:\Downloads\novelsense\example-network\2_convert_network\network,target=/acuity-toolkit/python/network   --mount type=bind,source=D:\Downloads\novelsense\example-network\2_convert_network\outputs,target=/acuity-toolkit/python/outputs  --entrypoint=/acuity-toolkit/python/network/convert-lenet-onnx-to-khadas.sh   ghcr.io/scholz/aml-container:0.0.1


--+ KSNN Convert tools v1.2 +--


Start import model ...
Illegal instruction


























































D:\Downloads\novelsense\example-network\2_convert_network>convert.bat

D:\Downloads\novelsense\example-network\2_convert_network>docker run --rm --name conv-test -it  --mount type=bind,source=D:\Downloads\novelsense\example-network\2_convert_network\data,target=/acuity-toolkit/python/data  --mount type=bind,source=D:\Downloads\novelsense\example-network\2_convert_network\network,target=/acuity-toolkit/python/network   --mount type=bind,source=D:\Downloads\novelsense\example-network\2_convert_network\outputs,target=/acuity-toolkit/python/outputs  --entrypoint=/acuity-toolkit/python/network/convert-lenet-onnx-to-khadas.sh   ghcr.io/scholz/aml-container:0.0.1


--+ KSNN Convert tools v1.2 +--


Start import model ...
Illegal instruction


D:\Downloads\novelsense\example-network\2_convert_network>docker

Usage:  docker [OPTIONS] COMMAND

A self-sufficient runtime for containers

Options:
      --config string      Location of client config files (default
                           "C:\\Users\\Sajjad\\.docker")
  -c, --context string     Name of the context to use to connect to the
                           daemon (overrides DOCKER_HOST env var and
                           default context set with "docker context use")
  -D, --debug              Enable debug mode
  -H, --host list          Daemon socket(s) to connect to
  -l, --log-level string   Set the logging level
                           ("debug"|"info"|"warn"|"error"|"fatal")
                           (default "info")
      --tls                Use TLS; implied by --tlsverify
      --tlscacert string   Trust certs signed only by this CA (default
                           "C:\\Users\\Sajjad\\.docker\\ca.pem")
      --tlscert string     Path to TLS certificate file (default
                           "C:\\Users\\Sajjad\\.docker\\cert.pem")
      --tlskey string      Path to TLS key file (default
                           "C:\\Users\\Sajjad\\.docker\\key.pem")
      --tlsverify          Use TLS and verify the remote
  -v, --version            Print version information and quit

Management Commands:
  builder     Manage builds
  buildx*     Docker Buildx (Docker Inc., v0.8.2)
  compose*    Docker Compose (Docker Inc., v2.4.1)
  config      Manage Docker configs
  container   Manage containers
  context     Manage contexts
  image       Manage images
  manifest    Manage Docker image manifests and manifest lists
  network     Manage networks
  node        Manage Swarm nodes
  plugin      Manage plugins
  sbom*       View the packaged-based Software Bill Of Materials (SBOM) for an image (Anchore Inc., 0.6.0)
  scan*       Docker Scan (Docker Inc., v0.17.0)
  secret      Manage Docker secrets
  service     Manage services
  stack       Manage Docker stacks
  swarm       Manage Swarm
  system      Manage Docker
  trust       Manage trust on Docker images
  volume      Manage volumes

Commands:
  attach      Attach local standard input, output, and error streams to a running container
  build       Build an image from a Dockerfile
  commit      Create a new image from a container's changes
  cp          Copy files/folders between a container and the local filesystem
  create      Create a new container
  diff        Inspect changes to files or directories on a container's filesystem
  events      Get real time events from the server
  exec        Run a command in a running container
  export      Export a container's filesystem as a tar archive
  history     Show the history of an image
  images      List images
  import      Import the contents from a tarball to create a filesystem image
  info        Display system-wide information
  inspect     Return low-level information on Docker objects
  kill        Kill one or more running containers
  load        Load an image from a tar archive or STDIN
  login       Log in to a Docker registry
  logout      Log out from a Docker registry
  logs        Fetch the logs of a container
  pause       Pause all processes within one or more containers
  port        List port mappings or a specific mapping for the container
  ps          List containers
  pull        Pull an image or a repository from a registry
  push        Push an image or a repository to a registry
  rename      Rename a container
  restart     Restart one or more containers
  rm          Remove one or more containers
  rmi         Remove one or more images
  run         Run a command in a new container
  save        Save one or more images to a tar archive (streamed to STDOUT by default)
  search      Search the Docker Hub for images
  start       Start one or more stopped containers
  stats       Display a live stream of container(s) resource usage statistics
  stop        Stop one or more running containers
  tag         Create a tag TARGET_IMAGE that refers to SOURCE_IMAGE
  top         Display the running processes of a container
  unpause     Unpause all processes within one or more containers
  update      Update configuration of one or more containers
  version     Show the Docker version information
  wait        Block until one or more containers stop, then print their exit codes

Run 'docker COMMAND --help' for more information on a command.

To get more help with docker, check out our guides at https://docs.docker.com/go/guides/

D:\Downloads\novelsense\example-network\2_convert_network>convert.bat

D:\Downloads\novelsense\example-network\2_convert_network>docker run --rm --name conv-test -it  --mount type=bind,source=D:\Downloads\novelsense\example-network\2_convert_network\data,target=/acuity-toolkit/python/data  --mount type=bind,source=D:\Downloads\novelsense\example-network\2_convert_network\network,target=/acuity-toolkit/python/network   --mount type=bind,source=D:\Downloads\novelsense\example-network\2_convert_network\outputs,target=/acuity-toolkit/python/outputs  --entrypoint=/acuity-toolkit/python/network/convert-lenet-onnx-to-khadas.sh   ghcr.io/scholz/aml-container:0.0.1


--+ KSNN Convert tools v1.2 +--


Start import model ...
Illegal instruction


D:\Downloads\novelsense\example-network\2_convert_network>convert.bat

D:\Downloads\novelsense\example-network\2_convert_network>docker run --rm --name conv-test -it  --mount type=bind,source=D:\Downloads\novelsense\example-network\2_convert_network\data,target=/acuity-toolkit/python/data  --mount type=bind,source=D:\Downloads\novelsense\example-network\2_convert_network\network,target=/acuity-toolkit/python/network   --mount type=bind,source=D:\Downloads\novelsense\example-network\2_convert_network\outputs,target=/acuity-toolkit/python/outputs  --entrypoint=/acuity-toolkit/python/network/convert-lenet-onnx-to-khadas.sh   ghcr.io/scholz/aml-container:0.0.1


--+ KSNN Convert tools v1.2 +--


Start import model ...
Illegal instruction


D:\Downloads\novelsense\example-network\2_convert_network>ls
README.md  convert.bat  data  network  outputs

D:\Downloads\novelsense\example-network\2_convert_network>ls data
dataset

D:\Downloads\novelsense\example-network\2_convert_network>ls data\dataset
0.bmp  1.bmp  2.bmp  3.bmp  4.bmp  5.bmp  6.bmp  7.bmp  8.bmp  9.bmp  dataset0.txt  dataset1.txt  dataset2.txt  space_shuttle_224.jpg

D:\Downloads\novelsense\example-network\2_convert_network>ls network
convert-lenet-onnx-to-khadas.sh  lenet.onnx  lenet.pt

D:\Downloads\novelsense\example-network\2_convert_network>docker run hello-world
Unable to find image 'hello-world:latest' locally
latest: Pulling from library/hello-world
2db29710123e: Pull complete
Digest: sha256:bfea6278a0a267fad2634554f4f0c6f31981eea41c553fdf5a83e95a41d40c38
Status: Downloaded newer image for hello-world:latest

Hello from Docker!
This message shows that your installation appears to be working correctly.

To generate this message, Docker took the following steps:
 1. The Docker client contacted the Docker daemon.
 2. The Docker daemon pulled the "hello-world" image from the Docker Hub.
    (amd64)
 3. The Docker daemon created a new container from that image which runs the
    executable that produces the output you are currently reading.
 4. The Docker daemon streamed that output to the Docker client, which sent it
    to your terminal.

To try something more ambitious, you can run an Ubuntu container with:
 $ docker run -it ubuntu bash

Share images, automate workflows, and more with a free Docker ID:
 https://hub.docker.com/

For more examples and ideas, visit:
 https://docs.docker.com/get-started/


D:\Downloads\novelsense\example-network\2_convert_network>
D:\Downloads\novelsense\example-network\2_convert_network>cd ..

D:\Downloads\novelsense\example-network>cd ..

D:\Downloads\novelsense>cd ..

D:\Downloads>docker pull busybox
Using default tag: latest
latest: Pulling from library/busybox
554879bb3004: Pull complete
Digest: sha256:caa382c432891547782ce7140fb3b7304613d3b0438834dce1cad68896ab110a
Status: Downloaded newer image for busybox:latest
docker.io/library/busybox:latest

D:\Downloads>docker images
REPOSITORY                     TAG       IMAGE ID       CREATED        SIZE
ghcr.io/scholz/aml-container   0.0.1     59daaebf68a1   2 days ago     4.48GB
busybox                        latest    2fb6fc2d97e1   4 weeks ago    1.24MB
hello-world                    latest    feb5d9fea6a5   6 months ago   13.3kB

D:\Downloads>docker run busybox

D:\Downloads>docker search ubuntu
NAME                             DESCRIPTION                                     STARS     OFFICIAL   AUTOMATED
ubuntu                           Ubuntu is a Debian-based Linux operating sys…   14025     [OK]
websphere-liberty                WebSphere Liberty multi-architecture images …   283       [OK]
ubuntu-upstart                   DEPRECATED, as is Upstart (find other proces…   112       [OK]
neurodebian                      NeuroDebian provides neuroscience research s…   88        [OK]
open-liberty                     Open Liberty multi-architecture images based…   51        [OK]
ubuntu-debootstrap               DEPRECATED; use "ubuntu" instead                46        [OK]
ubuntu/nginx                     Nginx, a high-performance reverse proxy & we…   40
ubuntu/mysql                     MySQL open source fast, stable, multi-thread…   29
ubuntu/apache2                   Apache, a secure & extensible open-source HT…   26
ubuntu/prometheus                Prometheus is a systems and service monitori…   23
kasmweb/ubuntu-bionic-desktop    Ubuntu productivity desktop for Kasm Workspa…   22
ubuntu/squid                     Squid is a caching proxy for the Web. Long-t…   18
ubuntu/postgres                  PostgreSQL is an open source object-relation…   15
ubuntu/bind9                     BIND 9 is a very flexible, full-featured DNS…   13
ubuntu/redis                     Redis, an open source key-value store. Long-…   9
ubuntu/prometheus-alertmanager   Alertmanager handles client alerts from Prom…   5
ubuntu/grafana                   Grafana, a feature rich metrics dashboard & …   5
ubuntu/memcached                 Memcached, in-memory keyvalue store for smal…   4
ubuntu/telegraf                  Telegraf collects, processes, aggregates & w…   3
circleci/ubuntu-server           This image is for internal use                  3
ubuntu/cortex                    Cortex provides storage for Prometheus. Long…   2
ubuntu/cassandra                 Cassandra, an open source NoSQL distributed …   1
bitnami/ubuntu-base-buildpack    Ubuntu base compilation image                   0                    [OK]
snyk/ubuntu                      A base ubuntu image for all broker clients t…   0
rancher/ubuntuconsole                                                            0

D:\Downloads>docker pull ubuntu:18.04
18.04: Pulling from library/ubuntu
08a6abff8943: Pull complete
Digest: sha256:982d72c16416b09ffd2f71aa381f761422085eda1379dc66b668653607969e38
Status: Downloaded newer image for ubuntu:18.04
docker.io/library/ubuntu:18.04

D:\Downloads>docker run -i -t 08a6abff8943 /bin/bash
Unable to find image '08a6abff8943:latest' locally
docker: Error response from daemon: pull access denied for 08a6abff8943, repository does not exist or may require 'docker login': denied: requested access to the resource is denied.
See 'docker run --help'.

D:\Downloads>docker ps -aqf ubuntu:18.04
invalid argument "ubuntu:18.04" for "-f, --filter" flag: bad format of filter (expected name=value)
See 'docker ps --help'.

D:\Downloads>docker ps -aqf "ubuntu:18.04"
invalid argument "ubuntu:18.04" for "-f, --filter" flag: bad format of filter (expected name=value)
See 'docker ps --help'.

D:\Downloads>docker run -i -t ubuntu:18.04 /bin/bash
root@0440b17c5f4d:/# hostname
0440b17c5f4d
root@0440b17c5f4d:/# exit
exit

D:\Downloads>docker ps -all
CONTAINER ID   IMAGE          COMMAND       CREATED              STATUS                     PORTS     NAMES
0440b17c5f4d   ubuntu:18.04   "/bin/bash"   About a minute ago   Exited (0) 9 seconds ago             busy_hermann

D:\Downloads>create a new image from a container

D:\Downloads>docker start 0440b17c5f4d
0440b17c5f4d

D:\Downloads>docker ps
CONTAINER ID   IMAGE                                COMMAND       CREATED             STATUS          PORTS     NAMES
0440b17c5f4d   ubuntu:18.04                         "/bin/bash"   2 minutes ago       Up 7 seconds              busy_hermann
7812795c3764   ghcr.io/scholz/aml-container:0.0.1   "/bin/bash"   About an hour ago   Up 45 minutes             zealous_zhukovsky

D:\Downloads>docker attach 0440b17c5f4d
root@0440b17c5f4d:/# apt-get update
Get:1 http://security.ubuntu.com/ubuntu bionic-security InRelease [88.7 kB]
Get:2 http://archive.ubuntu.com/ubuntu bionic InRelease [242 kB]
Get:3 http://security.ubuntu.com/ubuntu bionic-security/main amd64 Packages [2694 kB]
Get:4 http://archive.ubuntu.com/ubuntu bionic-updates InRelease [88.7 kB]
Get:5 http://archive.ubuntu.com/ubuntu bionic-backports InRelease [74.6 kB]
Get:6 http://archive.ubuntu.com/ubuntu bionic/restricted amd64 Packages [13.5 kB]
Get:7 http://archive.ubuntu.com/ubuntu bionic/multiverse amd64 Packages [186 kB]
Get:8 http://archive.ubuntu.com/ubuntu bionic/main amd64 Packages [1344 kB]
Get:9 http://security.ubuntu.com/ubuntu bionic-security/multiverse amd64 Packages [21.1 kB]
Get:10 http://security.ubuntu.com/ubuntu bionic-security/universe amd64 Packages [1490 kB]
Get:11 http://security.ubuntu.com/ubuntu bionic-security/restricted amd64 Packages [884 kB]
Get:12 http://archive.ubuntu.com/ubuntu bionic/universe amd64 Packages [11.3 MB]
Get:13 http://archive.ubuntu.com/ubuntu bionic-updates/main amd64 Packages [3133 kB]
Get:14 http://archive.ubuntu.com/ubuntu bionic-updates/universe amd64 Packages [2268 kB]
Get:15 http://archive.ubuntu.com/ubuntu bionic-updates/restricted amd64 Packages [918 kB]
Get:16 http://archive.ubuntu.com/ubuntu bionic-updates/multiverse amd64 Packages [29.8 kB]
Get:17 http://archive.ubuntu.com/ubuntu bionic-backports/universe amd64 Packages [12.9 kB]
Get:18 http://archive.ubuntu.com/ubuntu bionic-backports/main amd64 Packages [12.2 kB]
Fetched 24.8 MB in 33s (745 kB/s)
Reading package lists... Done
root@0440b17c5f4d:/# apt-get install vim
Reading package lists... Done
Building dependency tree
Reading state information... Done
The following additional packages will be installed:
  file libexpat1 libgpm2 libmagic-mgc libmagic1 libmpdec2 libpython3.6 libpython3.6-minimal libpython3.6-stdlib libreadline7
  libsqlite3-0 libssl1.1 mime-support readline-common vim-common vim-runtime xxd xz-utils
Suggested packages:
  gpm readline-doc ctags vim-doc vim-scripts
The following NEW packages will be installed:
  file libexpat1 libgpm2 libmagic-mgc libmagic1 libmpdec2 libpython3.6 libpython3.6-minimal libpython3.6-stdlib libreadline7
  libsqlite3-0 libssl1.1 mime-support readline-common vim vim-common vim-runtime xxd xz-utils
0 upgraded, 19 newly installed, 0 to remove and 0 not upgraded.
Need to get 12.9 MB of archives.
After this operation, 61.5 MB of additional disk space will be used.
Do you want to continue? [Y/n] y
Get:1 http://archive.ubuntu.com/ubuntu bionic-updates/main amd64 libmagic-mgc amd64 1:5.32-2ubuntu0.4 [184 kB]
Get:2 http://archive.ubuntu.com/ubuntu bionic-updates/main amd64 libmagic1 amd64 1:5.32-2ubuntu0.4 [68.6 kB]
Get:3 http://archive.ubuntu.com/ubuntu bionic-updates/main amd64 file amd64 1:5.32-2ubuntu0.4 [22.1 kB]
Get:4 http://archive.ubuntu.com/ubuntu bionic-updates/main amd64 libexpat1 amd64 2.2.5-3ubuntu0.7 [82.6 kB]
Get:5 http://archive.ubuntu.com/ubuntu bionic/main amd64 libmpdec2 amd64 2.4.2-1ubuntu1 [84.1 kB]
Get:6 http://archive.ubuntu.com/ubuntu bionic-updates/main amd64 libssl1.1 amd64 1.1.1-1ubuntu2.1~18.04.15 [1303 kB]
Get:7 http://archive.ubuntu.com/ubuntu bionic-updates/main amd64 libpython3.6-minimal amd64 3.6.9-1~18.04ubuntu1.7 [534 kB]
Get:8 http://archive.ubuntu.com/ubuntu bionic/main amd64 mime-support all 3.60ubuntu1 [30.1 kB]
Get:9 http://archive.ubuntu.com/ubuntu bionic/main amd64 readline-common all 7.0-3 [52.9 kB]
Get:10 http://archive.ubuntu.com/ubuntu bionic/main amd64 libreadline7 amd64 7.0-3 [124 kB]
Get:11 http://archive.ubuntu.com/ubuntu bionic-updates/main amd64 libsqlite3-0 amd64 3.22.0-1ubuntu0.4 [499 kB]
Get:12 http://archive.ubuntu.com/ubuntu bionic-updates/main amd64 libpython3.6-stdlib amd64 3.6.9-1~18.04ubuntu1.7 [1710 kB]
Get:13 http://archive.ubuntu.com/ubuntu bionic-updates/main amd64 xxd amd64 2:8.0.1453-1ubuntu1.8 [49.9 kB]
Get:14 http://archive.ubuntu.com/ubuntu bionic-updates/main amd64 vim-common all 2:8.0.1453-1ubuntu1.8 [71.1 kB]
Get:15 http://archive.ubuntu.com/ubuntu bionic/main amd64 xz-utils amd64 5.2.2-1.3 [83.8 kB]
Get:16 http://archive.ubuntu.com/ubuntu bionic/main amd64 libgpm2 amd64 1.20.7-5 [15.1 kB]
Get:17 http://archive.ubuntu.com/ubuntu bionic-updates/main amd64 libpython3.6 amd64 3.6.9-1~18.04ubuntu1.7 [1414 kB]
Get:18 http://archive.ubuntu.com/ubuntu bionic-updates/main amd64 vim-runtime all 2:8.0.1453-1ubuntu1.8 [5435 kB]
Get:19 http://archive.ubuntu.com/ubuntu bionic-updates/main amd64 vim amd64 2:8.0.1453-1ubuntu1.8 [1154 kB]
Fetched 12.9 MB in 6s (2200 kB/s)
debconf: delaying package configuration, since apt-utils is not installed
Selecting previously unselected package libmagic-mgc.
(Reading database ... 4051 files and directories currently installed.)
Preparing to unpack .../00-libmagic-mgc_1%3a5.32-2ubuntu0.4_amd64.deb ...
Unpacking libmagic-mgc (1:5.32-2ubuntu0.4) ...
Selecting previously unselected package libmagic1:amd64.
Preparing to unpack .../01-libmagic1_1%3a5.32-2ubuntu0.4_amd64.deb ...
Unpacking libmagic1:amd64 (1:5.32-2ubuntu0.4) ...
Selecting previously unselected package file.
Preparing to unpack .../02-file_1%3a5.32-2ubuntu0.4_amd64.deb ...
Unpacking file (1:5.32-2ubuntu0.4) ...
Selecting previously unselected package libexpat1:amd64.
Preparing to unpack .../03-libexpat1_2.2.5-3ubuntu0.7_amd64.deb ...
Unpacking libexpat1:amd64 (2.2.5-3ubuntu0.7) ...
Selecting previously unselected package libmpdec2:amd64.
Preparing to unpack .../04-libmpdec2_2.4.2-1ubuntu1_amd64.deb ...
Unpacking libmpdec2:amd64 (2.4.2-1ubuntu1) ...
Selecting previously unselected package libssl1.1:amd64.
Preparing to unpack .../05-libssl1.1_1.1.1-1ubuntu2.1~18.04.15_amd64.deb ...
Unpacking libssl1.1:amd64 (1.1.1-1ubuntu2.1~18.04.15) ...
Selecting previously unselected package libpython3.6-minimal:amd64.
Preparing to unpack .../06-libpython3.6-minimal_3.6.9-1~18.04ubuntu1.7_amd64.deb ...
Unpacking libpython3.6-minimal:amd64 (3.6.9-1~18.04ubuntu1.7) ...
Selecting previously unselected package mime-support.
Preparing to unpack .../07-mime-support_3.60ubuntu1_all.deb ...
Unpacking mime-support (3.60ubuntu1) ...
Selecting previously unselected package readline-common.
Preparing to unpack .../08-readline-common_7.0-3_all.deb ...
Unpacking readline-common (7.0-3) ...
Selecting previously unselected package libreadline7:amd64.
Preparing to unpack .../09-libreadline7_7.0-3_amd64.deb ...
Unpacking libreadline7:amd64 (7.0-3) ...
Selecting previously unselected package libsqlite3-0:amd64.
Preparing to unpack .../10-libsqlite3-0_3.22.0-1ubuntu0.4_amd64.deb ...
Unpacking libsqlite3-0:amd64 (3.22.0-1ubuntu0.4) ...
Selecting previously unselected package libpython3.6-stdlib:amd64.
Preparing to unpack .../11-libpython3.6-stdlib_3.6.9-1~18.04ubuntu1.7_amd64.deb ...
Unpacking libpython3.6-stdlib:amd64 (3.6.9-1~18.04ubuntu1.7) ...
Selecting previously unselected package xxd.
Preparing to unpack .../12-xxd_2%3a8.0.1453-1ubuntu1.8_amd64.deb ...
Unpacking xxd (2:8.0.1453-1ubuntu1.8) ...
Selecting previously unselected package vim-common.
Preparing to unpack .../13-vim-common_2%3a8.0.1453-1ubuntu1.8_all.deb ...
Unpacking vim-common (2:8.0.1453-1ubuntu1.8) ...
Selecting previously unselected package xz-utils.
Preparing to unpack .../14-xz-utils_5.2.2-1.3_amd64.deb ...
Unpacking xz-utils (5.2.2-1.3) ...
Selecting previously unselected package libgpm2:amd64.
Preparing to unpack .../15-libgpm2_1.20.7-5_amd64.deb ...
Unpacking libgpm2:amd64 (1.20.7-5) ...
Selecting previously unselected package libpython3.6:amd64.
Preparing to unpack .../16-libpython3.6_3.6.9-1~18.04ubuntu1.7_amd64.deb ...
Unpacking libpython3.6:amd64 (3.6.9-1~18.04ubuntu1.7) ...
Selecting previously unselected package vim-runtime.
Preparing to unpack .../17-vim-runtime_2%3a8.0.1453-1ubuntu1.8_all.deb ...
Adding 'diversion of /usr/share/vim/vim80/doc/help.txt to /usr/share/vim/vim80/doc/help.txt.vim-tiny by vim-runtime'
Adding 'diversion of /usr/share/vim/vim80/doc/tags to /usr/share/vim/vim80/doc/tags.vim-tiny by vim-runtime'
Unpacking vim-runtime (2:8.0.1453-1ubuntu1.8) ...
Selecting previously unselected package vim.
Preparing to unpack .../18-vim_2%3a8.0.1453-1ubuntu1.8_amd64.deb ...
Unpacking vim (2:8.0.1453-1ubuntu1.8) ...
Setting up readline-common (7.0-3) ...
Setting up libexpat1:amd64 (2.2.5-3ubuntu0.7) ...
Setting up mime-support (3.60ubuntu1) ...
Setting up xxd (2:8.0.1453-1ubuntu1.8) ...
Setting up libgpm2:amd64 (1.20.7-5) ...
Setting up libreadline7:amd64 (7.0-3) ...
Setting up libmagic-mgc (1:5.32-2ubuntu0.4) ...
Setting up libmagic1:amd64 (1:5.32-2ubuntu0.4) ...
Setting up libssl1.1:amd64 (1.1.1-1ubuntu2.1~18.04.15) ...
debconf: unable to initialize frontend: Dialog
debconf: (No usable dialog-like program is installed, so the dialog based frontend cannot be used. at /usr/share/perl5/Debconf/FrontEnd/Dialog.pm line 76.)
debconf: falling back to frontend: Readline
debconf: unable to initialize frontend: Readline
debconf: (Can't locate Term/ReadLine.pm in @INC (you may need to install the Term::ReadLine module) (@INC contains: /etc/perl /usr/local/lib/x86_64-linux-gnu/perl/5.26.1 /usr/local/share/perl/5.26.1 /usr/lib/x86_64-linux-gnu/perl5/5.26 /usr/share/perl5 /usr/lib/x86_64-linux-gnu/perl/5.26 /usr/share/perl/5.26 /usr/local/lib/site_perl /usr/lib/x86_64-linux-gnu/perl-base) at /usr/share/perl5/Debconf/FrontEnd/Readline.pm line 7.)
debconf: falling back to frontend: Teletype
Setting up xz-utils (5.2.2-1.3) ...
update-alternatives: using /usr/bin/xz to provide /usr/bin/lzma (lzma) in auto mode
update-alternatives: warning: skip creation of /usr/share/man/man1/lzma.1.gz because associated file /usr/share/man/man1/xz.1.gz (of link group lzma) doesn't exist
update-alternatives: warning: skip creation of /usr/share/man/man1/unlzma.1.gz because associated file /usr/share/man/man1/unxz.1.gz (of link group lzma) doesn't exist
update-alternatives: warning: skip creation of /usr/share/man/man1/lzcat.1.gz because associated file /usr/share/man/man1/xzcat.1.gz (of link group lzma) doesn't exist
update-alternatives: warning: skip creation of /usr/share/man/man1/lzmore.1.gz because associated file /usr/share/man/man1/xzmore.1.gz (of link group lzma) doesn't exist
update-alternatives: warning: skip creation of /usr/share/man/man1/lzless.1.gz because associated file /usr/share/man/man1/xzless.1.gz (of link group lzma) doesn't exist
update-alternatives: warning: skip creation of /usr/share/man/man1/lzdiff.1.gz because associated file /usr/share/man/man1/xzdiff.1.gz (of link group lzma) doesn't exist
update-alternatives: warning: skip creation of /usr/share/man/man1/lzcmp.1.gz because associated file /usr/share/man/man1/xzcmp.1.gz (of link group lzma) doesn't exist
update-alternatives: warning: skip creation of /usr/share/man/man1/lzgrep.1.gz because associated file /usr/share/man/man1/xzgrep.1.gz (of link group lzma) doesn't exist
update-alternatives: warning: skip creation of /usr/share/man/man1/lzegrep.1.gz because associated file /usr/share/man/man1/xzegrep.1.gz (of link group lzma) doesn't exist
update-alternatives: warning: skip creation of /usr/share/man/man1/lzfgrep.1.gz because associated file /usr/share/man/man1/xzfgrep.1.gz (of link group lzma) doesn't exist
Setting up vim-common (2:8.0.1453-1ubuntu1.8) ...
Setting up libsqlite3-0:amd64 (3.22.0-1ubuntu0.4) ...
Setting up vim-runtime (2:8.0.1453-1ubuntu1.8) ...
Setting up libmpdec2:amd64 (2.4.2-1ubuntu1) ...
Setting up file (1:5.32-2ubuntu0.4) ...
Setting up libpython3.6-minimal:amd64 (3.6.9-1~18.04ubuntu1.7) ...
Setting up libpython3.6-stdlib:amd64 (3.6.9-1~18.04ubuntu1.7) ...
Setting up libpython3.6:amd64 (3.6.9-1~18.04ubuntu1.7) ...
Setting up vim (2:8.0.1453-1ubuntu1.8) ...
update-alternatives: using /usr/bin/vim.basic to provide /usr/bin/vim (vim) in auto mode
update-alternatives: using /usr/bin/vim.basic to provide /usr/bin/vimdiff (vimdiff) in auto mode
update-alternatives: using /usr/bin/vim.basic to provide /usr/bin/rvim (rvim) in auto mode
update-alternatives: using /usr/bin/vim.basic to provide /usr/bin/rview (rview) in auto mode
update-alternatives: using /usr/bin/vim.basic to provide /usr/bin/vi (vi) in auto mode
update-alternatives: warning: skip creation of /usr/share/man/fr/man1/vi.1.gz because associated file /usr/share/man/fr/man1/vim.1.gz (of link group vi) doesn't exist
update-alternatives: warning: skip creation of /usr/share/man/it/man1/vi.1.gz because associated file /usr/share/man/it/man1/vim.1.gz (of link group vi) doesn't exist
update-alternatives: warning: skip creation of /usr/share/man/pl/man1/vi.1.gz because associated file /usr/share/man/pl/man1/vim.1.gz (of link group vi) doesn't exist
update-alternatives: warning: skip creation of /usr/share/man/ru/man1/vi.1.gz because associated file /usr/share/man/ru/man1/vim.1.gz (of link group vi) doesn't exist
update-alternatives: warning: skip creation of /usr/share/man/ja/man1/vi.1.gz because associated file /usr/share/man/ja/man1/vim.1.gz (of link group vi) doesn't exist
update-alternatives: warning: skip creation of /usr/share/man/man1/vi.1.gz because associated file /usr/share/man/man1/vim.1.gz (of link group vi) doesn't exist
update-alternatives: using /usr/bin/vim.basic to provide /usr/bin/view (view) in auto mode
update-alternatives: warning: skip creation of /usr/share/man/fr/man1/view.1.gz because associated file /usr/share/man/fr/man1/vim.1.gz (of link group view) doesn't exist
update-alternatives: warning: skip creation of /usr/share/man/it/man1/view.1.gz because associated file /usr/share/man/it/man1/vim.1.gz (of link group view) doesn't exist
update-alternatives: warning: skip creation of /usr/share/man/pl/man1/view.1.gz because associated file /usr/share/man/pl/man1/vim.1.gz (of link group view) doesn't exist
update-alternatives: warning: skip creation of /usr/share/man/ru/man1/view.1.gz because associated file /usr/share/man/ru/man1/vim.1.gz (of link group view) doesn't exist
update-alternatives: warning: skip creation of /usr/share/man/ja/man1/view.1.gz because associated file /usr/share/man/ja/man1/vim.1.gz (of link group view) doesn't exist
update-alternatives: warning: skip creation of /usr/share/man/man1/view.1.gz because associated file /usr/share/man/man1/vim.1.gz (of link group view) doesn't exist
update-alternatives: using /usr/bin/vim.basic to provide /usr/bin/ex (ex) in auto mode
update-alternatives: warning: skip creation of /usr/share/man/fr/man1/ex.1.gz because associated file /usr/share/man/fr/man1/vim.1.gz (of link group ex) doesn't exist
update-alternatives: warning: skip creation of /usr/share/man/it/man1/ex.1.gz because associated file /usr/share/man/it/man1/vim.1.gz (of link group ex) doesn't exist
update-alternatives: warning: skip creation of /usr/share/man/pl/man1/ex.1.gz because associated file /usr/share/man/pl/man1/vim.1.gz (of link group ex) doesn't exist
update-alternatives: warning: skip creation of /usr/share/man/ru/man1/ex.1.gz because associated file /usr/share/man/ru/man1/vim.1.gz (of link group ex) doesn't exist
update-alternatives: warning: skip creation of /usr/share/man/ja/man1/ex.1.gz because associated file /usr/share/man/ja/man1/vim.1.gz (of link group ex) doesn't exist
update-alternatives: warning: skip creation of /usr/share/man/man1/ex.1.gz because associated file /usr/share/man/man1/vim.1.gz (of link group ex) doesn't exist
update-alternatives: using /usr/bin/vim.basic to provide /usr/bin/editor (editor) in auto mode
update-alternatives: warning: skip creation of /usr/share/man/fr/man1/editor.1.gz because associated file /usr/share/man/fr/man1/vim.1.gz (of link group editor) doesn't exist
update-alternatives: warning: skip creation of /usr/share/man/it/man1/editor.1.gz because associated file /usr/share/man/it/man1/vim.1.gz (of link group editor) doesn't exist
update-alternatives: warning: skip creation of /usr/share/man/pl/man1/editor.1.gz because associated file /usr/share/man/pl/man1/vim.1.gz (of link group editor) doesn't exist
update-alternatives: warning: skip creation of /usr/share/man/ru/man1/editor.1.gz because associated file /usr/share/man/ru/man1/vim.1.gz (of link group editor) doesn't exist
update-alternatives: warning: skip creation of /usr/share/man/ja/man1/editor.1.gz because associated file /usr/share/man/ja/man1/vim.1.gz (of link group editor) doesn't exist
update-alternatives: warning: skip creation of /usr/share/man/man1/editor.1.gz because associated file /usr/share/man/man1/vim.1.gz (of link group editor) doesn't exist
Processing triggers for libc-bin (2.27-3ubuntu1.5) ...
root@0440b17c5f4d:/# exit
exit

D:\Downloads>docker commit 0440b17c5f4d ubuntu:18.04vim
sha256:09fdc08126c2c7b618efd06a27f69fad6263288541ddc4c1da2b34289328e621

D:\Downloads>docker images
REPOSITORY                     TAG        IMAGE ID       CREATED          SIZE
ubuntu                         18.04vim   09fdc08126c2   10 seconds ago   163MB
ghcr.io/scholz/aml-container   0.0.1      59daaebf68a1   2 days ago       4.48GB
ubuntu                         18.04      f5cbed4244ba   4 days ago       63.2MB
busybox                        latest     2fb6fc2d97e1   4 weeks ago      1.24MB
hello-world                    latest     feb5d9fea6a5   6 months ago     13.3kB

D:\Downloads>docker run -it ubuntu:18.04vim
root@a46734908388:/# ls
bin  boot  dev  etc  home  lib  lib64  media  mnt  opt  proc  root  run  sbin  srv  sys  tmp  usr  var
root@a46734908388:/# ls home/
root@a46734908388:/# ls -a
.  ..  .dockerenv  bin  boot  dev  etc  home  lib  lib64  media  mnt  opt  proc  root  run  sbin  srv  sys  tmp  usr  var
root@a46734908388:/# echo "sajjad hussain"
sajjad hussain
root@a46734908388:/# ls home -a
.  ..
root@a46734908388:/# vim
root@a46734908388:/# python --version
bash: python: command not found
root@a46734908388:/# apt-get install python
Reading package lists... Done
Building dependency tree
Reading state information... Done
The following additional packages will be installed:
  libpython-stdlib libpython2.7-minimal libpython2.7-stdlib python-minimal python2.7 python2.7-minimal
Suggested packages:
  python-doc python-tk python2.7-doc binutils binfmt-support
The following NEW packages will be installed:
  libpython-stdlib libpython2.7-minimal libpython2.7-stdlib python python-minimal python2.7 python2.7-minimal
0 upgraded, 7 newly installed, 0 to remove and 0 not upgraded.
Need to get 3964 kB of archives.
After this operation, 16.8 MB of additional disk space will be used.
Do you want to continue? [Y/n] y
Get:1 http://archive.ubuntu.com/ubuntu bionic-updates/main amd64 libpython2.7-minimal amd64 2.7.17-1~18.04ubuntu1.7 [335 kB]
Get:2 http://archive.ubuntu.com/ubuntu bionic-updates/main amd64 python2.7-minimal amd64 2.7.17-1~18.04ubuntu1.7 [1288 kB]
Get:3 http://archive.ubuntu.com/ubuntu bionic/main amd64 python-minimal amd64 2.7.15~rc1-1 [28.1 kB]
Get:4 http://archive.ubuntu.com/ubuntu bionic-updates/main amd64 libpython2.7-stdlib amd64 2.7.17-1~18.04ubuntu1.7 [1917 kB]
Get:5 http://archive.ubuntu.com/ubuntu bionic-updates/main amd64 python2.7 amd64 2.7.17-1~18.04ubuntu1.7 [248 kB]
Get:6 http://archive.ubuntu.com/ubuntu bionic/main amd64 libpython-stdlib amd64 2.7.15~rc1-1 [7620 B]
Get:7 http://archive.ubuntu.com/ubuntu bionic/main amd64 python amd64 2.7.15~rc1-1 [140 kB]
Fetched 3964 kB in 2s (2139 kB/s)
debconf: delaying package configuration, since apt-utils is not installed
Selecting previously unselected package libpython2.7-minimal:amd64.
(Reading database ... 6633 files and directories currently installed.)
Preparing to unpack .../0-libpython2.7-minimal_2.7.17-1~18.04ubuntu1.7_amd64.deb ...
Unpacking libpython2.7-minimal:amd64 (2.7.17-1~18.04ubuntu1.7) ...
Selecting previously unselected package python2.7-minimal.
Preparing to unpack .../1-python2.7-minimal_2.7.17-1~18.04ubuntu1.7_amd64.deb ...
Unpacking python2.7-minimal (2.7.17-1~18.04ubuntu1.7) ...
Selecting previously unselected package python-minimal.
Preparing to unpack .../2-python-minimal_2.7.15~rc1-1_amd64.deb ...
Unpacking python-minimal (2.7.15~rc1-1) ...
Selecting previously unselected package libpython2.7-stdlib:amd64.
Preparing to unpack .../3-libpython2.7-stdlib_2.7.17-1~18.04ubuntu1.7_amd64.deb ...
Unpacking libpython2.7-stdlib:amd64 (2.7.17-1~18.04ubuntu1.7) ...
Selecting previously unselected package python2.7.
Preparing to unpack .../4-python2.7_2.7.17-1~18.04ubuntu1.7_amd64.deb ...
Unpacking python2.7 (2.7.17-1~18.04ubuntu1.7) ...
Selecting previously unselected package libpython-stdlib:amd64.
Preparing to unpack .../5-libpython-stdlib_2.7.15~rc1-1_amd64.deb ...
Unpacking libpython-stdlib:amd64 (2.7.15~rc1-1) ...
Setting up libpython2.7-minimal:amd64 (2.7.17-1~18.04ubuntu1.7) ...
Setting up python2.7-minimal (2.7.17-1~18.04ubuntu1.7) ...
Linking and byte-compiling packages for runtime python2.7...
Setting up python-minimal (2.7.15~rc1-1) ...
Selecting previously unselected package python.
(Reading database ... 7385 files and directories currently installed.)
Preparing to unpack .../python_2.7.15~rc1-1_amd64.deb ...
Unpacking python (2.7.15~rc1-1) ...
Setting up libpython2.7-stdlib:amd64 (2.7.17-1~18.04ubuntu1.7) ...
Setting up python2.7 (2.7.17-1~18.04ubuntu1.7) ...
Setting up libpython-stdlib:amd64 (2.7.15~rc1-1) ...
Setting up python (2.7.15~rc1-1) ...
Processing triggers for mime-support (3.60ubuntu1) ...
root@a46734908388:/# python --version
Python 2.7.17
root@a46734908388:/# exit
exit

D:\Downloads>docker run -it ubuntu:18.04vim
root@7e329e112383:/# python --version
bash: python: command not found
root@7e329e112383:/# apt-get install python
Reading package lists... Done
Building dependency tree
Reading state information... Done
The following additional packages will be installed:
  libpython-stdlib libpython2.7-minimal libpython2.7-stdlib python-minimal python2.7 python2.7-minimal
Suggested packages:
  python-doc python-tk python2.7-doc binutils binfmt-support
The following NEW packages will be installed:
  libpython-stdlib libpython2.7-minimal libpython2.7-stdlib python python-minimal python2.7 python2.7-minimal
0 upgraded, 7 newly installed, 0 to remove and 0 not upgraded.
Need to get 3964 kB of archives.
After this operation, 16.8 MB of additional disk space will be used.
Do you want to continue? [Y/n] Y
Get:1 http://archive.ubuntu.com/ubuntu bionic-updates/main amd64 libpython2.7-minimal amd64 2.7.17-1~18.04ubuntu1.7 [335 kB]
Get:2 http://archive.ubuntu.com/ubuntu bionic-updates/main amd64 python2.7-minimal amd64 2.7.17-1~18.04ubuntu1.7 [1288 kB]
Get:3 http://archive.ubuntu.com/ubuntu bionic/main amd64 python-minimal amd64 2.7.15~rc1-1 [28.1 kB]
Get:4 http://archive.ubuntu.com/ubuntu bionic-updates/main amd64 libpython2.7-stdlib amd64 2.7.17-1~18.04ubuntu1.7 [1917 kB]
Get:5 http://archive.ubuntu.com/ubuntu bionic-updates/main amd64 python2.7 amd64 2.7.17-1~18.04ubuntu1.7 [248 kB]
Get:6 http://archive.ubuntu.com/ubuntu bionic/main amd64 libpython-stdlib amd64 2.7.15~rc1-1 [7620 B]
Get:7 http://archive.ubuntu.com/ubuntu bionic/main amd64 python amd64 2.7.15~rc1-1 [140 kB]
Fetched 3964 kB in 7s (572 kB/s)
debconf: delaying package configuration, since apt-utils is not installed
Selecting previously unselected package libpython2.7-minimal:amd64.
(Reading database ... 6633 files and directories currently installed.)
Preparing to unpack .../0-libpython2.7-minimal_2.7.17-1~18.04ubuntu1.7_amd64.deb ...
Unpacking libpython2.7-minimal:amd64 (2.7.17-1~18.04ubuntu1.7) ...
Selecting previously unselected package python2.7-minimal.
Preparing to unpack .../1-python2.7-minimal_2.7.17-1~18.04ubuntu1.7_amd64.deb ...
Unpacking python2.7-minimal (2.7.17-1~18.04ubuntu1.7) ...
Selecting previously unselected package python-minimal.
Preparing to unpack .../2-python-minimal_2.7.15~rc1-1_amd64.deb ...
Unpacking python-minimal (2.7.15~rc1-1) ...
Selecting previously unselected package libpython2.7-stdlib:amd64.
Preparing to unpack .../3-libpython2.7-stdlib_2.7.17-1~18.04ubuntu1.7_amd64.deb ...
Unpacking libpython2.7-stdlib:amd64 (2.7.17-1~18.04ubuntu1.7) ...
Selecting previously unselected package python2.7.
Preparing to unpack .../4-python2.7_2.7.17-1~18.04ubuntu1.7_amd64.deb ...
Unpacking python2.7 (2.7.17-1~18.04ubuntu1.7) ...
Selecting previously unselected package libpython-stdlib:amd64.
Preparing to unpack .../5-libpython-stdlib_2.7.15~rc1-1_amd64.deb ...
Unpacking libpython-stdlib:amd64 (2.7.15~rc1-1) ...
Setting up libpython2.7-minimal:amd64 (2.7.17-1~18.04ubuntu1.7) ...
Setting up python2.7-minimal (2.7.17-1~18.04ubuntu1.7) ...
Linking and byte-compiling packages for runtime python2.7...
Setting up python-minimal (2.7.15~rc1-1) ...
Selecting previously unselected package python.
(Reading database ... 7385 files and directories currently installed.)
Preparing to unpack .../python_2.7.15~rc1-1_amd64.deb ...
Unpacking python (2.7.15~rc1-1) ...
Setting up libpython2.7-stdlib:amd64 (2.7.17-1~18.04ubuntu1.7) ...
Setting up python2.7 (2.7.17-1~18.04ubuntu1.7) ...
Setting up libpython-stdlib:amd64 (2.7.15~rc1-1) ...
Setting up python (2.7.15~rc1-1) ...
Processing triggers for mime-support (3.60ubuntu1) ...
root@7e329e112383:/# exit
exit

D:\Downloads>docker commit 0440b17c5f4d ubuntu:18.04vim
sha256:21e3e9bd0576fa68325f318e46ea3d1d700b991aa30f9a888471977b6d750137

D:\Downloads>docker attach 0440b17c5f4d
You cannot attach to a stopped container, start it first

D:\Downloads>docker start 0440b17c5f4d
0440b17c5f4d

D:\Downloads>docker attach 0440b17c5f4d
root@0440b17c5f4d:/# python --version
bash: python: command not found
root@0440b17c5f4d:/# apt-get update
Hit:1 http://archive.ubuntu.com/ubuntu bionic InRelease
Hit:2 http://security.ubuntu.com/ubuntu bionic-security InRelease
Hit:3 http://archive.ubuntu.com/ubuntu bionic-updates InRelease
Hit:4 http://archive.ubuntu.com/ubuntu bionic-backports InRelease
Reading package lists... Done
root@0440b17c5f4d:/# apt-get install vim
Reading package lists... Done
Building dependency tree
Reading state information... Done
vim is already the newest version (2:8.0.1453-1ubuntu1.8).
0 upgraded, 0 newly installed, 0 to remove and 0 not upgraded.
root@0440b17c5f4d:/# apt-get install python
Reading package lists... Done
Building dependency tree
Reading state information... Done
The following additional packages will be installed:
  libpython-stdlib libpython2.7-minimal libpython2.7-stdlib python-minimal python2.7 python2.7-minimal
Suggested packages:
  python-doc python-tk python2.7-doc binutils binfmt-support
The following NEW packages will be installed:
  libpython-stdlib libpython2.7-minimal libpython2.7-stdlib python python-minimal python2.7 python2.7-minimal
0 upgraded, 7 newly installed, 0 to remove and 0 not upgraded.
Need to get 3964 kB of archives.
After this operation, 16.8 MB of additional disk space will be used.
Do you want to continue? [Y/n] y
Get:1 http://archive.ubuntu.com/ubuntu bionic-updates/main amd64 libpython2.7-minimal amd64 2.7.17-1~18.04ubuntu1.7 [335 kB]
Get:2 http://archive.ubuntu.com/ubuntu bionic-updates/main amd64 python2.7-minimal amd64 2.7.17-1~18.04ubuntu1.7 [1288 kB]
Get:3 http://archive.ubuntu.com/ubuntu bionic/main amd64 python-minimal amd64 2.7.15~rc1-1 [28.1 kB]
Get:4 http://archive.ubuntu.com/ubuntu bionic-updates/main amd64 libpython2.7-stdlib amd64 2.7.17-1~18.04ubuntu1.7 [1917 kB]
Get:5 http://archive.ubuntu.com/ubuntu bionic-updates/main amd64 python2.7 amd64 2.7.17-1~18.04ubuntu1.7 [248 kB]
Get:6 http://archive.ubuntu.com/ubuntu bionic/main amd64 libpython-stdlib amd64 2.7.15~rc1-1 [7620 B]
Get:7 http://archive.ubuntu.com/ubuntu bionic/main amd64 python amd64 2.7.15~rc1-1 [140 kB]
Fetched 3964 kB in 2s (2086 kB/s)
debconf: delaying package configuration, since apt-utils is not installed
Selecting previously unselected package libpython2.7-minimal:amd64.
(Reading database ... 6633 files and directories currently installed.)
Preparing to unpack .../0-libpython2.7-minimal_2.7.17-1~18.04ubuntu1.7_amd64.deb ...
Unpacking libpython2.7-minimal:amd64 (2.7.17-1~18.04ubuntu1.7) ...
Selecting previously unselected package python2.7-minimal.
Preparing to unpack .../1-python2.7-minimal_2.7.17-1~18.04ubuntu1.7_amd64.deb ...
Unpacking python2.7-minimal (2.7.17-1~18.04ubuntu1.7) ...
Selecting previously unselected package python-minimal.
Preparing to unpack .../2-python-minimal_2.7.15~rc1-1_amd64.deb ...
Unpacking python-minimal (2.7.15~rc1-1) ...
Selecting previously unselected package libpython2.7-stdlib:amd64.
Preparing to unpack .../3-libpython2.7-stdlib_2.7.17-1~18.04ubuntu1.7_amd64.deb ...
Unpacking libpython2.7-stdlib:amd64 (2.7.17-1~18.04ubuntu1.7) ...
Selecting previously unselected package python2.7.
Preparing to unpack .../4-python2.7_2.7.17-1~18.04ubuntu1.7_amd64.deb ...
Unpacking python2.7 (2.7.17-1~18.04ubuntu1.7) ...
Selecting previously unselected package libpython-stdlib:amd64.
Preparing to unpack .../5-libpython-stdlib_2.7.15~rc1-1_amd64.deb ...
Unpacking libpython-stdlib:amd64 (2.7.15~rc1-1) ...
Setting up libpython2.7-minimal:amd64 (2.7.17-1~18.04ubuntu1.7) ...
Setting up python2.7-minimal (2.7.17-1~18.04ubuntu1.7) ...
Linking and byte-compiling packages for runtime python2.7...
Setting up python-minimal (2.7.15~rc1-1) ...
Selecting previously unselected package python.
(Reading database ... 7385 files and directories currently installed.)
Preparing to unpack .../python_2.7.15~rc1-1_amd64.deb ...
Unpacking python (2.7.15~rc1-1) ...
Setting up libpython2.7-stdlib:amd64 (2.7.17-1~18.04ubuntu1.7) ...
Setting up python2.7 (2.7.17-1~18.04ubuntu1.7) ...
Setting up libpython-stdlib:amd64 (2.7.15~rc1-1) ...
Setting up python (2.7.15~rc1-1) ...
Processing triggers for mime-support (3.60ubuntu1) ...
root@0440b17c5f4d:/# exit
exit

D:\Downloads>docker commit 0440b17c5f4d ubuntu:18.04pyth
sha256:09fc11b1829976dd3a66a8e3985fad4da83b72af14697617bd7a06d26da289d1

D:\Downloads>docker run -it ubuntu:18.04pyth
root@53c04532687a:/# python --version
Python 2.7.17
root@53c04532687a:/# exit
exit

[+] Building 27.3s (6/6) FINISHED
 => [internal] load build definition from Dockerfile                                                                                0.2s
 => => transferring dockerfile: 151B                                                                                                0.1s
 => [internal] load .dockerignore                                                                                                   0.1s
 => => transferring context: 2B                                                                                                     0.0s
 => [internal] load metadata for docker.io/library/ubuntu:18.04pyth                                                                 0.0s
 => [1/2] FROM docker.io/library/ubuntu:18.04pyth                                                                                   0.1s
 => [2/2] RUN apt update && apt install -y cowsay                                                                                  25.6s
 => exporting to image                                                                                                              1.0s
 => => exporting layers                                                                                                             1.0s
 => => writing image sha256:4c21fd5b0074fb445d06c434b90a99dc58e63cc07a410867b444cd2eb7e69488                                        0.0s
 => => naming to docker.io/library/cowsay                                                                                           0.0s

Use 'docker scan' to run Snyk tests against images to find vulnerabilities and learn how to fix them

D:\Downloads>docker run --rm cowsay
 _______________________
< Dockerfiles are cool! >
 -----------------------
        \   ^__^
         \  (oo)\_______
            (__)\       )\/\
                ||----w |
                ||     ||

D:\Downloads>ls Dockerfile
Dockerfile

D:\Downloads>cat Dockerfile
FROM ubuntu:18.04pyth
RUN apt update && apt install -y cowsay
CMD ["/usr/games/cowsay", "Dockerfiles are cool!"]
D:\Downloads>docker run -it --rm python:rc
Unable to find image 'python:rc' locally
rc: Pulling from library/python
df5590a8898b: Pull complete
705bb4cb554e: Pull complete
519df5fceacd: Pull complete
ccc287cbeddc: Pull complete
e3f8e6af58ed: Pull complete
aebed27b2d86: Pull complete
1d538e631748: Pull complete
68533d7181a5: Pull complete
23bd4903602f: Pull complete
Digest: sha256:532e860a95afb13562603d2b84db1fe6ca164112a2b99e45fa451bd2c683f90d
Status: Downloaded newer image for python:rc
Python 3.10.0rc2 (default, Sep 28 2021, 17:57:14) [GCC 10.2.1 20210110] on linux
Type "help", "copyright", "credits" or "license" for more information.
>>> import sys
>>> f"{sys.version_info[:] = }"
"sys.version_info[:] = (3, 10, 0, 'candidate', 2)"
>>> exit()

D:\Downloads>docker --help

Usage:  docker [OPTIONS] COMMAND

A self-sufficient runtime for containers

Options:
      --config string      Location of client config files (default
                           "C:\\Users\\Sajjad\\.docker")
  -c, --context string     Name of the context to use to connect to the
                           daemon (overrides DOCKER_HOST env var and
                           default context set with "docker context use")
  -D, --debug              Enable debug mode
  -H, --host list          Daemon socket(s) to connect to
  -l, --log-level string   Set the logging level
                           ("debug"|"info"|"warn"|"error"|"fatal")
                           (default "info")
      --tls                Use TLS; implied by --tlsverify
      --tlscacert string   Trust certs signed only by this CA (default
                           "C:\\Users\\Sajjad\\.docker\\ca.pem")
      --tlscert string     Path to TLS certificate file (default
                           "C:\\Users\\Sajjad\\.docker\\cert.pem")
      --tlskey string      Path to TLS key file (default
                           "C:\\Users\\Sajjad\\.docker\\key.pem")
      --tlsverify          Use TLS and verify the remote
  -v, --version            Print version information and quit

Management Commands:
  builder     Manage builds
  buildx*     Docker Buildx (Docker Inc., v0.8.2)
  compose*    Docker Compose (Docker Inc., v2.4.1)
  config      Manage Docker configs
  container   Manage containers
  context     Manage contexts
  image       Manage images
  manifest    Manage Docker image manifests and manifest lists
  network     Manage networks
  node        Manage Swarm nodes
  plugin      Manage plugins
  sbom*       View the packaged-based Software Bill Of Materials (SBOM) for an image (Anchore Inc., 0.6.0)
  scan*       Docker Scan (Docker Inc., v0.17.0)
  secret      Manage Docker secrets
  service     Manage services
  stack       Manage Docker stacks
  swarm       Manage Swarm
  system      Manage Docker
  trust       Manage trust on Docker images
  volume      Manage volumes

Commands:
  attach      Attach local standard input, output, and error streams to a running container
  build       Build an image from a Dockerfile
  commit      Create a new image from a container's changes
  cp          Copy files/folders between a container and the local filesystem
  create      Create a new container
  diff        Inspect changes to files or directories on a container's filesystem
  events      Get real time events from the server
  exec        Run a command in a running container
  export      Export a container's filesystem as a tar archive
  history     Show the history of an image
  images      List images
  import      Import the contents from a tarball to create a filesystem image
  info        Display system-wide information
  inspect     Return low-level information on Docker objects
  kill        Kill one or more running containers
  load        Load an image from a tar archive or STDIN
  login       Log in to a Docker registry
  logout      Log out from a Docker registry
  logs        Fetch the logs of a container
  pause       Pause all processes within one or more containers
  port        List port mappings or a specific mapping for the container
  ps          List containers
  pull        Pull an image or a repository from a registry
  push        Push an image or a repository to a registry
  rename      Rename a container
  restart     Restart one or more containers
  rm          Remove one or more containers
  rmi         Remove one or more images
  run         Run a command in a new container
  save        Save one or more images to a tar archive (streamed to STDOUT by default)
  search      Search the Docker Hub for images
  start       Start one or more stopped containers
  stats       Display a live stream of container(s) resource usage statistics
  stop        Stop one or more running containers
  tag         Create a tag TARGET_IMAGE that refers to SOURCE_IMAGE
  top         Display the running processes of a container
  unpause     Unpause all processes within one or more containers
  update      Update configuration of one or more containers
  version     Show the Docker version information
  wait        Block until one or more containers stop, then print their exit codes

Run 'docker COMMAND --help' for more information on a command.

To get more help with docker, check out our guides at https://docs.docker.com/go/guides/

D:\Downloads>docker build --config Dockerfile1 -t rp .
unknown flag: --config
See 'docker build --help'.

D:\Downloads>docker --config Dockerfile1 build -t rp .
[+] Building 0.2s (6/6) FINISHED
 => [internal] load build definition from Dockerfile                                                                                0.1s
 => => transferring dockerfile: 151B                                                                                                0.0s
 => [internal] load .dockerignore                                                                                                   0.0s
 => => transferring context: 2B                                                                                                     0.0s
 => [internal] load metadata for docker.io/library/ubuntu:18.04pyth                                                                 0.0s
 => [1/2] FROM docker.io/library/ubuntu:18.04pyth                                                                                   0.0s
 => CACHED [2/2] RUN apt update && apt install -y cowsay                                                                            0.0s
 => exporting to image                                                                                                              0.0s
 => => exporting layers                                                                                                             0.0s
 => => writing image sha256:4c21fd5b0074fb445d06c434b90a99dc58e63cc07a410867b444cd2eb7e69488                                        0.0s
 => => naming to docker.io/library/rp                                                                                               0.0s

Use 'docker scan' to run Snyk tests against images to find vulnerabilities and learn how to fix them

D:\Downloads>docker --config Dockerfile1 run -it --rm rp
 _______________________
< Dockerfiles are cool! >
 -----------------------
        \   ^__^
         \  (oo)\_______
            (__)\       )\/\
                ||----w |
                ||     ||

D:\Downloads>