khadas@Khadas-teco:~$ sudo apt-get install xorg openbox
[sudo] password for khadas: 
Reading package lists... Done
Building dependency tree       
Reading state information... Done
xorg is already the newest version (1:7.7+19ubuntu14).
xorg set to manually installed.
The following additional packages will be installed:
  giblib1 gnome-icon-theme libid3tag0 libimlib2 libobrender32v5 libobt2v5 obconf obsession scrot
Suggested packages:
  fonts-dejavu libxml2-dev tint2 openbox-gnome-session openbox-kde-session
The following NEW packages will be installed:
  giblib1 gnome-icon-theme libid3tag0 libimlib2 libobrender32v5 libobt2v5 obconf obsession openbox scrot
0 upgraded, 10 newly installed, 0 to remove and 146 not upgraded.
Need to get 10.3 MB of archives.
After this operation, 19.1 MB of additional disk space will be used.
Do you want to continue? [Y/n] y
Err:1 http://ports.ubuntu.com focal/universe arm64 libid3tag0 arm64 0.15.1b-14
  Could not resolve 'ports.ubuntu.com'
Ign:2 http://ports.ubuntu.com focal-security/universe arm64 libimlib2 arm64 1.6.1-1ubuntu0.1
Err:3 http://ports.ubuntu.com focal/universe arm64 giblib1 arm64 1.2.4-12
  Could not resolve 'ports.ubuntu.com'
Ign:4 http://ports.ubuntu.com focal/universe arm64 gnome-icon-theme all 3.12.0-3
Err:5 http://ports.ubuntu.com focal-updates/universe arm64 libobt2v5 arm64 3.6.1-9ubuntu0.20.04.1
  Could not resolve 'ports.ubuntu.com'
Err:6 http://ports.ubuntu.com focal-updates/universe arm64 libobrender32v5 arm64 3.6.1-9ubuntu0.20.04.1
  Could not resolve 'ports.ubuntu.com'
Err:7 http://ports.ubuntu.com focal/universe arm64 obconf arm64 1:2.0.4+git20150213-2
  Could not resolve 'ports.ubuntu.com'
Err:8 http://ports.ubuntu.com focal-updates/universe arm64 openbox arm64 3.6.1-9ubuntu0.20.04.1
  Could not resolve 'ports.ubuntu.com'
Err:9 http://ports.ubuntu.com focal/universe arm64 scrot arm64 1.2-2
  Could not resolve 'ports.ubuntu.com'
Err:10 http://ports.ubuntu.com focal/universe arm64 obsession arm64 20140608-2build1
  Could not resolve 'ports.ubuntu.com'
Err:2 http://ports.ubuntu.com focal-security/universe arm64 libimlib2 arm64 1.6.1-1ubuntu0.1
  Could not resolve 'ports.ubuntu.com'
Err:4 http://ports.ubuntu.com focal/universe arm64 gnome-icon-theme all 3.12.0-3
  Could not resolve 'ports.ubuntu.com'
E: Failed to fetch http://ports.ubuntu.com/pool/universe/libi/libid3tag/libid3tag0_0.15.1b-14_arm64.deb  Could not resolve 'ports.ubuntu.com'
E: Failed to fetch http://ports.ubuntu.com/pool/universe/i/imlib2/libimlib2_1.6.1-1ubuntu0.1_arm64.deb  Could not resolve 'ports.ubuntu.com'
E: Failed to fetch http://ports.ubuntu.com/pool/universe/g/giblib/giblib1_1.2.4-12_arm64.deb  Could not resolve 'ports.ubuntu.com'
E: Failed to fetch http://ports.ubuntu.com/pool/universe/g/gnome-icon-theme/gnome-icon-theme_3.12.0-3_all.deb  Could not resolve 'ports.ubuntu.com'
E: Failed to fetch http://ports.ubuntu.com/pool/universe/o/openbox/libobt2v5_3.6.1-9ubuntu0.20.04.1_arm64.deb  Could not resolve 'ports.ubuntu.com'
E: Failed to fetch http://ports.ubuntu.com/pool/universe/o/openbox/libobrender32v5_3.6.1-9ubuntu0.20.04.1_arm64.deb  Could not resolve 'ports.ubuntu.com'
E: Failed to fetch http://ports.ubuntu.com/pool/universe/o/obconf/obconf_2.0.4+git20150213-2_arm64.deb  Could not resolve 'ports.ubuntu.com'
E: Failed to fetch http://ports.ubuntu.com/pool/universe/o/openbox/openbox_3.6.1-9ubuntu0.20.04.1_arm64.deb  Could not resolve 'ports.ubuntu.com'
E: Failed to fetch http://ports.ubuntu.com/pool/universe/s/scrot/scrot_1.2-2_arm64.deb  Could not resolve 'ports.ubuntu.com'
E: Failed to fetch http://ports.ubuntu.com/pool/universe/o/obsession/obsession_20140608-2build1_arm64.deb  Could not resolve 'ports.ubuntu.com'
E: Unable to fetch some archives, maybe run apt-get update or try with --fix-missing?
khadas@Khadas-teco:~$ sudo apt-get install xorg openbox
Reading package lists... Done
Building dependency tree       
Reading state information... Done
xorg is already the newest version (1:7.7+19ubuntu14).
xorg set to manually installed.
The following additional packages will be installed:
  giblib1 gnome-icon-theme libid3tag0 libimlib2 libobrender32v5 libobt2v5 obconf obsession scrot
Suggested packages:
  fonts-dejavu libxml2-dev tint2 openbox-gnome-session openbox-kde-session
The following NEW packages will be installed:
  giblib1 gnome-icon-theme libid3tag0 libimlib2 libobrender32v5 libobt2v5 obconf obsession openbox scrot
0 upgraded, 10 newly installed, 0 to remove and 146 not upgraded.
Need to get 10.3 MB of archives.
After this operation, 19.1 MB of additional disk space will be used.
Do you want to continue? [Y/n] y
Get:1 http://ports.ubuntu.com focal/universe arm64 libid3tag0 arm64 0.15.1b-14 [29.4 kB]
Get:2 http://ports.ubuntu.com focal-security/universe arm64 libimlib2 arm64 1.6.1-1ubuntu0.1 [163 kB]
Get:3 http://ports.ubuntu.com focal/universe arm64 giblib1 arm64 1.2.4-12 [14.8 kB]
Get:4 http://ports.ubuntu.com focal/universe arm64 gnome-icon-theme all 3.12.0-3 [9620 kB]
Get:5 http://ports.ubuntu.com focal-updates/universe arm64 libobt2v5 arm64 3.6.1-9ubuntu0.20.04.1 [30.8 kB]
Get:6 http://ports.ubuntu.com focal-updates/universe arm64 libobrender32v5 arm64 3.6.1-9ubuntu0.20.04.1 [34.1 kB]
Get:7 http://ports.ubuntu.com focal/universe arm64 obconf arm64 1:2.0.4+git20150213-2 [120 kB]
Get:8 http://ports.ubuntu.com focal-updates/universe arm64 openbox arm64 3.6.1-9ubuntu0.20.04.1 [260 kB]
Get:9 http://ports.ubuntu.com focal/universe arm64 scrot arm64 1.2-2 [20.7 kB]
Get:10 http://ports.ubuntu.com focal/universe arm64 obsession arm64 20140608-2build1 [47.5 kB]
Fetched 10.3 MB in 2s (5927 kB/s)
perl: warning: Setting locale failed.
perl: warning: Please check that your locale settings:
        LANGUAGE = "en_US.UTF-8",
        LC_ALL = (unset),
        LC_TIME = "de_DE.UTF-8",
        LC_MONETARY = "de_DE.UTF-8",
        LC_COLLATE = "de_DE.UTF-8",
        LC_MESSAGES = "en_US.UTF-8",
        LC_MEASUREMENT = "de_DE.UTF-8",
        LC_NUMERIC = "de_DE.UTF-8",
        LANG = "de_DE.UTF-8"
    are supported and installed on your system.
perl: warning: Falling back to the standard locale ("C").
locale: Cannot set LC_CTYPE to default locale: No such file or directory
locale: Cannot set LC_ALL to default locale: No such file or directory
Selecting previously unselected package libid3tag0:arm64.
(Reading database ... 242863 files and directories currently installed.)
Preparing to unpack .../0-libid3tag0_0.15.1b-14_arm64.deb ...
Unpacking libid3tag0:arm64 (0.15.1b-14) ...
Selecting previously unselected package libimlib2:arm64.
Preparing to unpack .../1-libimlib2_1.6.1-1ubuntu0.1_arm64.deb ...
Unpacking libimlib2:arm64 (1.6.1-1ubuntu0.1) ...
Selecting previously unselected package giblib1:arm64.
Preparing to unpack .../2-giblib1_1.2.4-12_arm64.deb ...
Unpacking giblib1:arm64 (1.2.4-12) ...
Selecting previously unselected package gnome-icon-theme.
Preparing to unpack .../3-gnome-icon-theme_3.12.0-3_all.deb ...
Unpacking gnome-icon-theme (3.12.0-3) ...
Selecting previously unselected package libobt2v5.
Preparing to unpack .../4-libobt2v5_3.6.1-9ubuntu0.20.04.1_arm64.deb ...
Unpacking libobt2v5 (3.6.1-9ubuntu0.20.04.1) ...
Selecting previously unselected package libobrender32v5.
Preparing to unpack .../5-libobrender32v5_3.6.1-9ubuntu0.20.04.1_arm64.deb ...
Unpacking libobrender32v5 (3.6.1-9ubuntu0.20.04.1) ...
Selecting previously unselected package obconf.
Preparing to unpack .../6-obconf_1%3a2.0.4+git20150213-2_arm64.deb ...
Unpacking obconf (1:2.0.4+git20150213-2) ...
Selecting previously unselected package openbox.
Preparing to unpack .../7-openbox_3.6.1-9ubuntu0.20.04.1_arm64.deb ...
Unpacking openbox (3.6.1-9ubuntu0.20.04.1) ...
Selecting previously unselected package scrot.
Preparing to unpack .../8-scrot_1.2-2_arm64.deb ...
Unpacking scrot (1.2-2) ...
Selecting previously unselected package obsession.
Preparing to unpack .../9-obsession_20140608-2build1_arm64.deb ...
Unpacking obsession (20140608-2build1) ...
Setting up obsession (20140608-2build1) ...
Setting up gnome-icon-theme (3.12.0-3) ...
update-alternatives: using /usr/share/icons/gnome/scalable/places/debian-swirl.svg to provide /usr/share/icons/gnome/scalable/places/start-here.svg (start-here.svg) in auto mode
Setting up libid3tag0:arm64 (0.15.1b-14) ...
Setting up libobt2v5 (3.6.1-9ubuntu0.20.04.1) ...
Setting up libimlib2:arm64 (1.6.1-1ubuntu0.1) ...
Setting up libobrender32v5 (3.6.1-9ubuntu0.20.04.1) ...
Setting up obconf (1:2.0.4+git20150213-2) ...
Setting up giblib1:arm64 (1.2.4-12) ...
Setting up openbox (3.6.1-9ubuntu0.20.04.1) ...
update-alternatives: using /usr/bin/openbox to provide /usr/bin/x-window-manager (x-window-manager) in auto mode
Setting up scrot (1.2-2) ...
Processing triggers for mime-support (3.64ubuntu1) ...
Processing triggers for gnome-menus (3.36.0-1ubuntu1) ...
Processing triggers for libc-bin (2.31-0ubuntu9.2) ...
/sbin/ldconfig.real: /lib/ is not a symbolic link

Processing triggers for man-db (2.9.1-1) ...
Processing triggers for shared-mime-info (1.15-1) ...
Processing triggers for desktop-file-utils (0.24-1ubuntu3) ...
khadas@Khadas-teco:~$ cd sajjad/npu1/aml_npu_demo_binaries/detect_demo_picture
khadas@Khadas-teco:~/sajjad/npu1/aml_npu_demo_binaries/detect_demo_picture$ ./detect_demo_x11 2 1080p.bmp 
W Detect_api:[det_set_log_level:19]Set log level=1
W Detect_api:[det_set_log_level:21]output_format not support Imperfect, default to DET_LOG_TERMINAL
W Detect_api:[det_set_log_level:26]Not exist VSI_NN_LOG_LEVEL, Setenv set_vsi_log_error_level
det_set_log_config Debug
det_set_model success!!

model.width:416
model.height:416
model.channel:3

terminate called after throwing an instance of 'std::logic_error'
  what():  basic_string::_M_construct null not valid
Aborted (core dumped)
khadas@Khadas-teco:~/sajjad/npu1/aml_npu_demo_binaries/detect_demo_picture$ ./detect_demo_x11 2 1080p1.bmp 
W Detect_api:[det_set_log_level:19]Set log level=1
W Detect_api:[det_set_log_level:21]output_format not support Imperfect, default to DET_LOG_TERMINAL
W Detect_api:[det_set_log_level:26]Not exist VSI_NN_LOG_LEVEL, Setenv set_vsi_log_error_level
det_set_log_config Debug
det_set_model success!!

model.width:416
model.height:416
model.channel:3

terminate called after throwing an instance of 'std::logic_error'
  what():  basic_string::_M_construct null not valid
Aborted (core dumped)
khadas@Khadas-teco:~/sajjad/npu1/aml_npu_demo_binaries/detect_demo_picture$ 
