There is an error while installing Torch and after some debugging and googling I found a mismatcho of python version.
====================================================================================================================
Microsoft Windows [Version 10.0.19044.1586]
(c) Microsoft Corporation. All rights reserved.

C:\Windows\system32>python --version
Python 3.8.0

C:\Windows\system32>
C:\Windows\system32>pip -V
pip 19.2.3 from c:\users\sajjad\appdata\local\programs\python\python38\lib\site-packages\pip (python 3.8)

C:\Windows\system32>pip install torch
Collecting torch
  Downloading https://files.pythonhosted.org/packages/fb/1b/cb472a0e2bdb298bb85e1b239883fbd994660f45e50a4c4fba8dc080f47e/torch-1.11.0-cp38-cp38-win_amd64.whl (158.0MB)
     |████████████████████████████████| 158.0MB 70kB/s
Collecting typing-extensions (from torch)
  Using cached https://files.pythonhosted.org/packages/45/6b/44f7f8f1e110027cf88956b59f2fad776cca7e1704396d043f89effd3a0e/typing_extensions-4.1.1-py3-none-any.whl
Installing collected packages: typing-extensions, torch
Successfully installed torch-1.11.0 typing-extensions-4.1.1
WARNING: You are using pip version 19.2.3, however version 22.0.4 is available.
You should consider upgrading via the 'python -m pip install --upgrade pip' command.

C:\Windows\system32>
Microsoft Windows [Version 10.0.19044.1586]
(c) Microsoft Corporation. All rights reserved.

C:\Users\Sajjad>d:

D:\>cd Downloads\novelsense\example-network\1_create_and_export_network

D:\Downloads\novelsense\example-network\1_create_and_export_network>ls
README.md  lenet.onnx  lenet.pt  pytorch_to_khadas_TECO_example.ipynb  requirements.txt  requirements_cuda.txt

D:\Downloads\novelsense\example-network\1_create_and_export_network>python -m virtualenv venv
C:\Users\Sajjad\AppData\Local\Programs\Python\Python38\python.exe: No module named virtualenv

D:\Downloads\novelsense\example-network\1_create_and_export_network>pip install virtualenv
Collecting virtualenv
  Using cached https://files.pythonhosted.org/packages/37/71/59f8e6d2673c6137139588df2bc2c326895637c2ae43e8777c02e99e2462/virtualenv-20.14.0-py2.py3-none-any.whl
Collecting filelock<4,>=3.2 (from virtualenv)
  Using cached https://files.pythonhosted.org/packages/cd/f1/ba7dee3de0e9d3b8634d6fbaa5d0d407a7da64620305d147298b683e5c36/filelock-3.6.0-py3-none-any.whl
Collecting distlib<1,>=0.3.1 (from virtualenv)
  Using cached https://files.pythonhosted.org/packages/ac/a3/8ee4f54d5f12e16eeeda6b7df3dfdbda24e6cc572c86ff959a4ce110391b/distlib-0.3.4-py2.py3-none-any.whl
Collecting platformdirs<3,>=2 (from virtualenv)
  Using cached https://files.pythonhosted.org/packages/de/de/d8b9da351517c3dece273224522d4714cfdb9a89e2e6f7f7f054a340cc2b/platformdirs-2.5.1-py3-none-any.whl
Collecting six<2,>=1.9.0 (from virtualenv)
  Using cached https://files.pythonhosted.org/packages/d9/5a/e7c31adbe875f2abbb91bd84cf2dc52d792b5a01506781dbcf25c91daf11/six-1.16.0-py2.py3-none-any.whl
Installing collected packages: filelock, distlib, platformdirs, six, virtualenv
Successfully installed distlib-0.3.4 filelock-3.6.0 platformdirs-2.5.1 six-1.16.0 virtualenv-20.14.0
WARNING: You are using pip version 19.2.3, however version 22.0.4 is available.
You should consider upgrading via the 'python -m pip install --upgrade pip' command.

D:\Downloads\novelsense\example-network\1_create_and_export_network>ls
README.md  lenet.onnx  lenet.pt  pytorch_to_khadas_TECO_example.ipynb  requirements.txt  requirements_cuda.txt

D:\Downloads\novelsense\example-network\1_create_and_export_network>where python
C:\Users\Sajjad\AppData\Local\Programs\Python\Python38\python.exe
C:\msys64\usr\bin\python.exe
C:\Users\Sajjad\AppData\Local\Microsoft\WindowsApps\python.exe

D:\Downloads\novelsense\example-network\1_create_and_export_network>python -m virtualenv venv
created virtual environment CPython3.8.0.final.0-64 in 31517ms
  creator CPython3Windows(dest=D:\Downloads\novelsense\example-network\1_create_and_export_network\venv, clear=False, no_vcs_ignore=False, global=False)
  seeder FromAppData(download=False, pip=bundle, setuptools=bundle, wheel=bundle, via=copy, app_data_dir=C:\Users\Sajjad\AppData\Local\pypa\virtualenv)
    added seed packages: pip==22.0.4, setuptools==61.0.0, wheel==0.37.1
  activators BashActivator,BatchActivator,FishActivator,NushellActivator,PowerShellActivator,PythonActivator

D:\Downloads\novelsense\example-network\1_create_and_export_network>ls
README.md  lenet.onnx  lenet.pt  pytorch_to_khadas_TECO_example.ipynb  requirements.txt  requirements_cuda.txt  venv

D:\Downloads\novelsense\example-network\1_create_and_export_network>venv\Scripts\activate.bat

(venv) D:\Downloads\novelsense\example-network\1_create_and_export_network>pip install -r requirements.txt
Collecting matplotlib
  Downloading matplotlib-3.5.1-cp38-cp38-win_amd64.whl (7.2 MB)
     ---------------------------------------- 7.2/7.2 MB 4.0 MB/s eta 0:00:00
Collecting numpy
  Downloading numpy-1.22.3-cp38-cp38-win_amd64.whl (14.7 MB)
     ---------------------------------------- 14.7/14.7 MB 840.6 kB/s eta 0:00:00
Collecting onnx
  Downloading onnx-1.11.0-cp38-cp38-win_amd64.whl (11.2 MB)
     ---------------------------------------- 11.2/11.2 MB 956.1 kB/s eta 0:00:00
Collecting onnxruntime
  Downloading onnxruntime-1.11.0-cp38-cp38-win_amd64.whl (5.5 MB)
     ---------------------------------------- 5.5/5.5 MB 376.8 kB/s eta 0:00:00
Collecting opencv-python
  Downloading opencv_python-4.5.5.64-cp36-abi3-win_amd64.whl (35.4 MB)
     ---------------------------------------- 35.4/35.4 MB 886.3 kB/s eta 0:00:00
Collecting Pillow
  Downloading Pillow-9.1.0-cp38-cp38-win_amd64.whl (3.3 MB)
     ---------------------------------------- 3.3/3.3 MB 1.8 MB/s eta 0:00:00
Collecting ipykernel
  Downloading ipykernel-6.12.1-py3-none-any.whl (130 kB)
     ---------------------------------------- 130.9/130.9 KB 1.9 MB/s eta 0:00:00
Collecting torch
  Using cached torch-1.11.0-cp38-cp38-win_amd64.whl (158.0 MB)
Collecting torchaudio
  Downloading torchaudio-0.11.0-cp38-cp38-win_amd64.whl (372 kB)
     ---------------------------------------- 372.5/372.5 KB 514.6 kB/s eta 0:00:00
Collecting torchvision
  Downloading torchvision-0.12.0-cp38-cp38-win_amd64.whl (1.0 MB)
     ---------------------------------------- 1.0/1.0 MB 920.2 kB/s eta 0:00:00
Collecting fonttools>=4.22.0
  Downloading fonttools-4.32.0-py3-none-any.whl (900 kB)
     ---------------------------------------- 900.8/900.8 KB 542.7 kB/s eta 0:00:00
Collecting packaging>=20.0
  Downloading packaging-21.3-py3-none-any.whl (40 kB)
     ---------------------------------------- 40.8/40.8 KB 22.7 kB/s eta 0:00:00
Collecting kiwisolver>=1.0.1
  Downloading kiwisolver-1.4.2-cp38-cp38-win_amd64.whl (55 kB)
     ---------------------------------------- 55.4/55.4 KB 41.3 kB/s eta 0:00:00
Collecting pyparsing>=2.2.1
  Downloading pyparsing-3.0.7-py3-none-any.whl (98 kB)
     ---------------------------------------- 98.0/98.0 KB 151.7 kB/s eta 0:00:00
Collecting cycler>=0.10
  Downloading cycler-0.11.0-py3-none-any.whl (6.4 kB)
Collecting python-dateutil>=2.7
  Downloading python_dateutil-2.8.2-py2.py3-none-any.whl (247 kB)
     ---------------------------------------- 247.7/247.7 KB 14.8 MB/s eta 0:00:00
Collecting protobuf>=3.12.2
  Downloading protobuf-3.20.0-cp38-cp38-win_amd64.whl (904 kB)
     ---------------------------------------- 904.4/904.4 KB 511.0 kB/s eta 0:00:00
Collecting typing-extensions>=3.6.2.1
  Using cached typing_extensions-4.1.1-py3-none-any.whl (26 kB)
Collecting flatbuffers
  Using cached flatbuffers-2.0-py2.py3-none-any.whl (26 kB)
Collecting ipython>=7.23.1
  Downloading ipython-8.2.0-py3-none-any.whl (750 kB)
     ---------------------------------------- 750.7/750.7 KB 2.4 MB/s eta 0:00:00
Collecting jupyter-client>=6.1.12
  Downloading jupyter_client-7.2.2-py3-none-any.whl (130 kB)
     ---------------------------------------- 130.6/130.6 KB 1.5 MB/s eta 0:00:00
Collecting debugpy>=1.0
  Downloading debugpy-1.6.0-cp38-cp38-win_amd64.whl (4.3 MB)
     ---------------------------------------- 4.3/4.3 MB 1.8 MB/s eta 0:00:00
Collecting psutil
  Downloading psutil-5.9.0-cp38-cp38-win_amd64.whl (246 kB)
     ---------------------------------------- 246.5/246.5 KB 444.9 kB/s eta 0:00:00
Collecting tornado>=6.1
  Downloading tornado-6.1-cp38-cp38-win_amd64.whl (422 kB)
     ---------------------------------------- 422.1/422.1 KB 823.8 kB/s eta 0:00:00
Collecting matplotlib-inline>=0.1
  Downloading matplotlib_inline-0.1.3-py3-none-any.whl (8.2 kB)
Collecting traitlets>=5.1.0
  Downloading traitlets-5.1.1-py3-none-any.whl (102 kB)
     ---------------------------------------- 102.0/102.0 KB 226.1 kB/s eta 0:00:00
Collecting nest-asyncio
  Downloading nest_asyncio-1.5.5-py3-none-any.whl (5.2 kB)
Collecting requests
  Using cached requests-2.27.1-py2.py3-none-any.whl (63 kB)
Collecting decorator
  Downloading decorator-5.1.1-py3-none-any.whl (9.1 kB)
Collecting pickleshare
  Using cached pickleshare-0.7.5-py2.py3-none-any.whl (6.9 kB)
Collecting backcall
  Using cached backcall-0.2.0-py2.py3-none-any.whl (11 kB)
Collecting prompt-toolkit!=3.0.0,!=3.0.1,<3.1.0,>=2.0.0
  Downloading prompt_toolkit-3.0.29-py3-none-any.whl (381 kB)
     ---------------------------------------- 381.5/381.5 KB 2.2 MB/s eta 0:00:00
Collecting colorama
  Using cached colorama-0.4.4-py2.py3-none-any.whl (16 kB)
Collecting pygments>=2.4.0
  Downloading Pygments-2.11.2-py3-none-any.whl (1.1 MB)
     ---------------------------------------- 1.1/1.1 MB 1.7 MB/s eta 0:00:00
Requirement already satisfied: setuptools>=18.5 in d:\downloads\novelsense\example-network\1_create_and_export_network\venv\lib\site-packages (from ipython>=7.23.1->ipykernel->-r requirements.txt (line 7)) (61.0.0)
Collecting stack-data
  Downloading stack_data-0.2.0-py3-none-any.whl (21 kB)
Collecting jedi>=0.16
  Downloading jedi-0.18.1-py2.py3-none-any.whl (1.6 MB)
     ---------------------------------------- 1.6/1.6 MB 1.5 MB/s eta 0:00:00
Collecting entrypoints
  Downloading entrypoints-0.4-py3-none-any.whl (5.3 kB)
Collecting pyzmq>=22.3
  Downloading pyzmq-22.3.0-cp38-cp38-win_amd64.whl (1.0 MB)
     ---------------------------------------- 1.0/1.0 MB 4.4 MB/s eta 0:00:00
Collecting jupyter-core>=4.9.2
  Downloading jupyter_core-4.9.2-py3-none-any.whl (86 kB)
     ---------------------------------------- 86.9/86.9 KB 4.8 MB/s eta 0:00:00
Collecting six>=1.5
  Using cached six-1.16.0-py2.py3-none-any.whl (11 kB)
Collecting charset-normalizer~=2.0.0
  Downloading charset_normalizer-2.0.12-py3-none-any.whl (39 kB)
Collecting idna<4,>=2.5
  Using cached idna-3.3-py3-none-any.whl (61 kB)
Collecting certifi>=2017.4.17
  Using cached certifi-2021.10.8-py2.py3-none-any.whl (149 kB)
Collecting urllib3<1.27,>=1.21.1
  Downloading urllib3-1.26.9-py2.py3-none-any.whl (138 kB)
     ---------------------------------------- 139.0/139.0 KB 2.7 MB/s eta 0:00:00
Collecting parso<0.9.0,>=0.8.0
  Downloading parso-0.8.3-py2.py3-none-any.whl (100 kB)
     ---------------------------------------- 100.8/100.8 KB 6.0 MB/s eta 0:00:00
Collecting pywin32>=1.0
  Downloading pywin32-303-cp38-cp38-win_amd64.whl (9.3 MB)
     ---------------------------------------- 9.3/9.3 MB 3.9 MB/s eta 0:00:00
Collecting wcwidth
  Using cached wcwidth-0.2.5-py2.py3-none-any.whl (30 kB)
Collecting asttokens
  Downloading asttokens-2.0.5-py2.py3-none-any.whl (20 kB)
Collecting executing
  Downloading executing-0.8.3-py2.py3-none-any.whl (16 kB)
Collecting pure-eval
  Downloading pure_eval-0.2.2-py3-none-any.whl (11 kB)
Installing collected packages: wcwidth, pywin32, pure-eval, pickleshare, flatbuffers, executing, certifi, backcall, urllib3, typing-extensions, traitlets, tornado, six, pyzmq, pyparsing, pygments, psutil, protobuf, prompt-toolkit, Pillow, parso, numpy, nest-asyncio, kiwisolver, idna, fonttools, entrypoints, decorator, debugpy, cycler, colorama, charset-normalizer, torch, requests, python-dateutil, packaging, opencv-python, onnxruntime, onnx, matplotlib-inline, jupyter-core, jedi, asttokens, torchvision, torchaudio, stack-data, matplotlib, jupyter-client, ipython, ipykernel
Successfully installed Pillow-9.1.0 asttokens-2.0.5 backcall-0.2.0 certifi-2021.10.8 charset-normalizer-2.0.12 colorama-0.4.4 cycler-0.11.0 debugpy-1.6.0 decorator-5.1.1 entrypoints-0.4 executing-0.8.3 flatbuffers-2.0 fonttools-4.32.0 idna-3.3 ipykernel-6.12.1 ipython-8.2.0 jedi-0.18.1 jupyter-client-7.2.2 jupyter-core-4.9.2 kiwisolver-1.4.2 matplotlib-3.5.1 matplotlib-inline-0.1.3 nest-asyncio-1.5.5 numpy-1.22.3 onnx-1.11.0 onnxruntime-1.11.0 opencv-python-4.5.5.64 packaging-21.3 parso-0.8.3 pickleshare-0.7.5 prompt-toolkit-3.0.29 protobuf-3.20.0 psutil-5.9.0 pure-eval-0.2.2 pygments-2.11.2 pyparsing-3.0.7 python-dateutil-2.8.2 pywin32-303 pyzmq-22.3.0 requests-2.27.1 six-1.16.0 stack-data-0.2.0 torch-1.11.0 torchaudio-0.11.0 torchvision-0.12.0 tornado-6.1 traitlets-5.1.1 typing-extensions-4.1.1 urllib3-1.26.9 wcwidth-0.2.5

(venv) D:\Downloads\novelsense\example-network\1_create_and_export_network>pip install jupyter
Collecting jupyter
  Using cached jupyter-1.0.0-py2.py3-none-any.whl (2.7 kB)
Collecting nbconvert
  Downloading nbconvert-6.4.5-py3-none-any.whl (561 kB)
     ---------------------------------------- 561.4/561.4 KB 2.7 MB/s eta 0:00:00
Collecting notebook
  Downloading notebook-6.4.10-py3-none-any.whl (9.9 MB)
     ---------------------------------------- 9.9/9.9 MB 4.1 MB/s eta 0:00:00
Collecting jupyter-console
  Downloading jupyter_console-6.4.3-py3-none-any.whl (22 kB)
Requirement already satisfied: ipykernel in d:\downloads\novelsense\example-network\1_create_and_export_network\venv\lib\site-packages (from jupyter) (6.12.1)
Collecting qtconsole
  Downloading qtconsole-5.3.0-py3-none-any.whl (120 kB)
     ---------------------------------------- 120.6/120.6 KB 6.9 MB/s eta 0:00:00
Collecting ipywidgets
  Downloading ipywidgets-7.7.0-py2.py3-none-any.whl (123 kB)
     ---------------------------------------- 123.4/123.4 KB 3.6 MB/s eta 0:00:00
Requirement already satisfied: ipython>=7.23.1 in d:\downloads\novelsense\example-network\1_create_and_export_network\venv\lib\site-packages (from ipykernel->jupyter) (8.2.0)
Requirement already satisfied: nest-asyncio in d:\downloads\novelsense\example-network\1_create_and_export_network\venv\lib\site-packages (from ipykernel->jupyter) (1.5.5)
Requirement already satisfied: packaging in d:\downloads\novelsense\example-network\1_create_and_export_network\venv\lib\site-packages (from ipykernel->jupyter) (21.3)
Requirement already satisfied: traitlets>=5.1.0 in d:\downloads\novelsense\example-network\1_create_and_export_network\venv\lib\site-packages (from ipykernel->jupyter) (5.1.1)
Requirement already satisfied: psutil in d:\downloads\novelsense\example-network\1_create_and_export_network\venv\lib\site-packages (from ipykernel->jupyter) (5.9.0)
Requirement already satisfied: matplotlib-inline>=0.1 in d:\downloads\novelsense\example-network\1_create_and_export_network\venv\lib\site-packages (from ipykernel->jupyter) (0.1.3)
Requirement already satisfied: jupyter-client>=6.1.12 in d:\downloads\novelsense\example-network\1_create_and_export_network\venv\lib\site-packages (from ipykernel->jupyter) (7.2.2)
Requirement already satisfied: tornado>=6.1 in d:\downloads\novelsense\example-network\1_create_and_export_network\venv\lib\site-packages (from ipykernel->jupyter) (6.1)
Requirement already satisfied: debugpy>=1.0 in d:\downloads\novelsense\example-network\1_create_and_export_network\venv\lib\site-packages (from ipykernel->jupyter) (1.6.0)
Collecting nbformat>=4.2.0
  Downloading nbformat-5.3.0-py3-none-any.whl (73 kB)
     ---------------------------------------- 73.2/73.2 KB 3.9 MB/s eta 0:00:00
Collecting ipython-genutils~=0.2.0
  Using cached ipython_genutils-0.2.0-py2.py3-none-any.whl (26 kB)
Collecting jupyterlab-widgets>=1.0.0
  Downloading jupyterlab_widgets-1.1.0-py3-none-any.whl (245 kB)
     ---------------------------------------- 245.1/245.1 KB 7.6 MB/s eta 0:00:00
Collecting widgetsnbextension~=3.6.0
  Downloading widgetsnbextension-3.6.0-py2.py3-none-any.whl (1.6 MB)
     ---------------------------------------- 1.6/1.6 MB 4.2 MB/s eta 0:00:00
Requirement already satisfied: prompt-toolkit!=3.0.0,!=3.0.1,<3.1.0,>=2.0.0 in d:\downloads\novelsense\example-network\1_create_and_export_network\venv\lib\site-packages (from jupyter-console->jupyter) (3.0.29)
Requirement already satisfied: pygments in d:\downloads\novelsense\example-network\1_create_and_export_network\venv\lib\site-packages (from jupyter-console->jupyter) (2.11.2)
Collecting mistune<2,>=0.8.1
  Using cached mistune-0.8.4-py2.py3-none-any.whl (16 kB)
Collecting testpath
  Downloading testpath-0.6.0-py3-none-any.whl (83 kB)
     ---------------------------------------- 83.9/83.9 KB 4.9 MB/s eta 0:00:00
Collecting pandocfilters>=1.4.1
  Using cached pandocfilters-1.5.0-py2.py3-none-any.whl (8.7 kB)
Collecting MarkupSafe>=2.0
  Downloading MarkupSafe-2.1.1-cp38-cp38-win_amd64.whl (17 kB)
Requirement already satisfied: entrypoints>=0.2.2 in d:\downloads\novelsense\example-network\1_create_and_export_network\venv\lib\site-packages (from nbconvert->jupyter) (0.4)
Requirement already satisfied: jupyter-core in d:\downloads\novelsense\example-network\1_create_and_export_network\venv\lib\site-packages (from nbconvert->jupyter) (4.9.2)
Collecting beautifulsoup4
  Downloading beautifulsoup4-4.11.1-py3-none-any.whl (128 kB)
     ---------------------------------------- 128.2/128.2 KB 7.4 MB/s eta 0:00:00
Collecting nbclient<0.6.0,>=0.5.0
  Downloading nbclient-0.5.13-py3-none-any.whl (70 kB)
     ---------------------------------------- 70.6/70.6 KB 4.0 MB/s eta 0:00:00
Collecting jinja2>=2.4
  Downloading Jinja2-3.1.1-py3-none-any.whl (132 kB)
     ---------------------------------------- 132.6/132.6 KB 3.9 MB/s eta 0:00:00
Collecting bleach
  Downloading bleach-5.0.0-py3-none-any.whl (160 kB)
     ---------------------------------------- 160.3/160.3 KB 4.8 MB/s eta 0:00:00
Collecting jupyterlab-pygments
  Downloading jupyterlab_pygments-0.2.0-py2.py3-none-any.whl (22 kB)
Collecting defusedxml
  Using cached defusedxml-0.7.1-py2.py3-none-any.whl (25 kB)
Requirement already satisfied: pyzmq>=17 in d:\downloads\novelsense\example-network\1_create_and_export_network\venv\lib\site-packages (from notebook->jupyter) (22.3.0)
Collecting prometheus-client
  Downloading prometheus_client-0.14.1-py3-none-any.whl (59 kB)
     ---------------------------------------- 59.5/59.5 KB 3.1 MB/s eta 0:00:00
Collecting terminado>=0.8.3
  Downloading terminado-0.13.3-py3-none-any.whl (14 kB)
Collecting Send2Trash>=1.8.0
  Using cached Send2Trash-1.8.0-py3-none-any.whl (18 kB)
Collecting argon2-cffi
  Downloading argon2_cffi-21.3.0-py3-none-any.whl (14 kB)
Collecting qtpy>=2.0.1
  Downloading QtPy-2.0.1-py3-none-any.whl (65 kB)
     ---------------------------------------- 65.7/65.7 KB 3.5 MB/s eta 0:00:00
Requirement already satisfied: pickleshare in d:\downloads\novelsense\example-network\1_create_and_export_network\venv\lib\site-packages (from ipython>=7.23.1->ipykernel->jupyter) (0.7.5)
Requirement already satisfied: colorama in d:\downloads\novelsense\example-network\1_create_and_export_network\venv\lib\site-packages (from ipython>=7.23.1->ipykernel->jupyter) (0.4.4)
Requirement already satisfied: decorator in d:\downloads\novelsense\example-network\1_create_and_export_network\venv\lib\site-packages (from ipython>=7.23.1->ipykernel->jupyter) (5.1.1)
Requirement already satisfied: stack-data in d:\downloads\novelsense\example-network\1_create_and_export_network\venv\lib\site-packages (from ipython>=7.23.1->ipykernel->jupyter) (0.2.0)
Requirement already satisfied: jedi>=0.16 in d:\downloads\novelsense\example-network\1_create_and_export_network\venv\lib\site-packages (from ipython>=7.23.1->ipykernel->jupyter) (0.18.1)
Requirement already satisfied: setuptools>=18.5 in d:\downloads\novelsense\example-network\1_create_and_export_network\venv\lib\site-packages (from ipython>=7.23.1->ipykernel->jupyter) (61.0.0)
Requirement already satisfied: backcall in d:\downloads\novelsense\example-network\1_create_and_export_network\venv\lib\site-packages (from ipython>=7.23.1->ipykernel->jupyter) (0.2.0)
Requirement already satisfied: python-dateutil>=2.8.2 in d:\downloads\novelsense\example-network\1_create_and_export_network\venv\lib\site-packages (from jupyter-client>=6.1.12->ipykernel->jupyter) (2.8.2)
Requirement already satisfied: pywin32>=1.0 in d:\downloads\novelsense\example-network\1_create_and_export_network\venv\lib\site-packages (from jupyter-core->nbconvert->jupyter) (303)
Collecting fastjsonschema
  Downloading fastjsonschema-2.15.3-py3-none-any.whl (22 kB)
Collecting jsonschema>=2.6
  Downloading jsonschema-4.4.0-py3-none-any.whl (72 kB)
     ---------------------------------------- 72.7/72.7 KB 3.9 MB/s eta 0:00:00
Requirement already satisfied: wcwidth in d:\downloads\novelsense\example-network\1_create_and_export_network\venv\lib\site-packages (from prompt-toolkit!=3.0.0,!=3.0.1,<3.1.0,>=2.0.0->jupyter-console->jupyter) (0.2.5)
Collecting pywinpty>=1.1.0
  Downloading pywinpty-2.0.5-cp38-none-win_amd64.whl (1.4 MB)
     ---------------------------------------- 1.4/1.4 MB 4.4 MB/s eta 0:00:00
Collecting argon2-cffi-bindings
  Downloading argon2_cffi_bindings-21.2.0-cp36-abi3-win_amd64.whl (30 kB)
Collecting soupsieve>1.2
  Downloading soupsieve-2.3.2-py3-none-any.whl (37 kB)
Collecting webencodings
  Using cached webencodings-0.5.1-py2.py3-none-any.whl (11 kB)
Requirement already satisfied: six>=1.9.0 in d:\downloads\novelsense\example-network\1_create_and_export_network\venv\lib\site-packages (from bleach->nbconvert->jupyter) (1.16.0)
Requirement already satisfied: pyparsing!=3.0.5,>=2.0.2 in d:\downloads\novelsense\example-network\1_create_and_export_network\venv\lib\site-packages (from packaging->ipykernel->jupyter) (3.0.7)
Requirement already satisfied: parso<0.9.0,>=0.8.0 in d:\downloads\novelsense\example-network\1_create_and_export_network\venv\lib\site-packages (from jedi>=0.16->ipython>=7.23.1->ipykernel->jupyter) (0.8.3)
Collecting pyrsistent!=0.17.0,!=0.17.1,!=0.17.2,>=0.14.0
  Downloading pyrsistent-0.18.1-cp38-cp38-win_amd64.whl (61 kB)
     ---------------------------------------- 61.7/61.7 KB 3.2 MB/s eta 0:00:00
Collecting importlib-resources>=1.4.0
  Downloading importlib_resources-5.6.0-py3-none-any.whl (28 kB)
Collecting attrs>=17.4.0
  Downloading attrs-21.4.0-py2.py3-none-any.whl (60 kB)
     ---------------------------------------- 60.6/60.6 KB 3.4 MB/s eta 0:00:00
Collecting cffi>=1.0.1
  Downloading cffi-1.15.0-cp38-cp38-win_amd64.whl (179 kB)
     ---------------------------------------- 180.0/180.0 KB 5.5 MB/s eta 0:00:00
Requirement already satisfied: executing in d:\downloads\novelsense\example-network\1_create_and_export_network\venv\lib\site-packages (from stack-data->ipython>=7.23.1->ipykernel->jupyter) (0.8.3)
Requirement already satisfied: asttokens in d:\downloads\novelsense\example-network\1_create_and_export_network\venv\lib\site-packages (from stack-data->ipython>=7.23.1->ipykernel->jupyter) (2.0.5)
Requirement already satisfied: pure-eval in d:\downloads\novelsense\example-network\1_create_and_export_network\venv\lib\site-packages (from stack-data->ipython>=7.23.1->ipykernel->jupyter) (0.2.2)
Collecting pycparser
  Downloading pycparser-2.21-py2.py3-none-any.whl (118 kB)
     ---------------------------------------- 118.7/118.7 KB 3.5 MB/s eta 0:00:00
Collecting zipp>=3.1.0
  Downloading zipp-3.8.0-py3-none-any.whl (5.4 kB)
Installing collected packages: webencodings, Send2Trash, mistune, ipython-genutils, fastjsonschema, zipp, testpath, soupsieve, pywinpty, pyrsistent, pycparser, prometheus-client, pandocfilters, MarkupSafe, jupyterlab-widgets, jupyterlab-pygments, defusedxml, bleach, attrs, terminado, qtpy, jinja2, importlib-resources, cffi, beautifulsoup4, jsonschema, argon2-cffi-bindings, nbformat, argon2-cffi, qtconsole, nbclient, jupyter-console, nbconvert, notebook, widgetsnbextension, ipywidgets, jupyter
Successfully installed MarkupSafe-2.1.1 Send2Trash-1.8.0 argon2-cffi-21.3.0 argon2-cffi-bindings-21.2.0 attrs-21.4.0 beautifulsoup4-4.11.1 bleach-5.0.0 cffi-1.15.0 defusedxml-0.7.1 fastjsonschema-2.15.3 importlib-resources-5.6.0 ipython-genutils-0.2.0 ipywidgets-7.7.0 jinja2-3.1.1 jsonschema-4.4.0 jupyter-1.0.0 jupyter-console-6.4.3 jupyterlab-pygments-0.2.0 jupyterlab-widgets-1.1.0 mistune-0.8.4 nbclient-0.5.13 nbconvert-6.4.5 nbformat-5.3.0 notebook-6.4.10 pandocfilters-1.5.0 prometheus-client-0.14.1 pycparser-2.21 pyrsistent-0.18.1 pywinpty-2.0.5 qtconsole-5.3.0 qtpy-2.0.1 soupsieve-2.3.2 terminado-0.13.3 testpath-0.6.0 webencodings-0.5.1 widgetsnbextension-3.6.0 zipp-3.8.0

(venv) D:\Downloads\novelsense\example-network\1_create_and_export_network>jupyter notebook
[I 04:03:07.955 NotebookApp] Serving notebooks from local directory: D:\Downloads\novelsense\example-network\1_create_and_export_network
[I 04:03:07.955 NotebookApp] Jupyter Notebook 6.4.10 is running at:
[I 04:03:07.958 NotebookApp] http://localhost:8888/?token=8a6aaec324fe12d6021147b237a3b8415e1693ef502b8b30
[I 04:03:07.958 NotebookApp]  or http://127.0.0.1:8888/?token=8a6aaec324fe12d6021147b237a3b8415e1693ef502b8b30
[I 04:03:07.959 NotebookApp] Use Control-C to stop this server and shut down all kernels (twice to skip confirmation).
[C 04:03:08.217 NotebookApp]

    To access the notebook, open this file in a browser:
        file:///C:/Users/Sajjad/AppData/Roaming/jupyter/runtime/nbserver-9200-open.html
    Or copy and paste one of these URLs:
        http://localhost:8888/?token=8a6aaec324fe12d6021147b237a3b8415e1693ef502b8b30
     or http://127.0.0.1:8888/?token=8a6aaec324fe12d6021147b237a3b8415e1693ef502b8b30
[I 04:03:34.543 NotebookApp] Shutting down on /api/shutdown request.
[I 04:03:34.547 NotebookApp] Shutting down 0 kernels
[I 04:03:34.550 NotebookApp] Shutting down 0 terminals

(venv) D:\Downloads\novelsense\example-network\1_create_and_export_network>lsls
'lsls' is not recognized as an internal or external command,
operable program or batch file.

(venv) D:\Downloads\novelsense\example-network\1_create_and_export_network>python -m ipykernel install --user --name py39-teconet
Installed kernelspec py39-teconet in C:\Users\Sajjad\AppData\Roaming\jupyter\kernels\py39-teconet

(venv) D:\Downloads\novelsense\example-network\1_create_and_export_network>jupyter notebook
[I 04:04:32.639 NotebookApp] Serving notebooks from local directory: D:\Downloads\novelsense\example-network\1_create_and_export_network
[I 04:04:32.640 NotebookApp] Jupyter Notebook 6.4.10 is running at:
[I 04:04:32.644 NotebookApp] http://localhost:8888/?token=7d4f57c9c642b58bf240ffdd9276a8d3a798867eaf8ae11f
[I 04:04:32.645 NotebookApp]  or http://127.0.0.1:8888/?token=7d4f57c9c642b58bf240ffdd9276a8d3a798867eaf8ae11f
[I 04:04:32.645 NotebookApp] Use Control-C to stop this server and shut down all kernels (twice to skip confirmation).
[C 04:04:32.862 NotebookApp]

    To access the notebook, open this file in a browser:
        file:///C:/Users/Sajjad/AppData/Roaming/jupyter/runtime/nbserver-3404-open.html
    Or copy and paste one of these URLs:
        http://localhost:8888/?token=7d4f57c9c642b58bf240ffdd9276a8d3a798867eaf8ae11f
     or http://127.0.0.1:8888/?token=7d4f57c9c642b58bf240ffdd9276a8d3a798867eaf8ae11f
[I 04:04:50.333 NotebookApp] Kernel started: d1edc98e-543a-4348-bc48-404c33fdcd27, name: py39-teconet
[IPKernelApp] ERROR | No such comm target registered: jupyter.widget.control
[IPKernelApp] WARNING | No such comm: 565fbb92-7ee1-43fe-9daa-fdd424a58b39
[I 04:05:14.438 NotebookApp] Starting buffering for d1edc98e-543a-4348-bc48-404c33fdcd27:c2923e92f3494197b0a49e1f300edb25
[I 04:05:15.067 NotebookApp] Kernel restarted: d1edc98e-543a-4348-bc48-404c33fdcd27
[I 04:05:15.095 NotebookApp] Restoring connection for d1edc98e-543a-4348-bc48-404c33fdcd27:c2923e92f3494197b0a49e1f300edb25
[W 04:05:19.683 NotebookApp] Nudge: attempt 10 on kernel d1edc98e-543a-4348-bc48-404c33fdcd27
[I 04:05:20.531 NotebookApp] Replaying 3 buffered messages
[I 04:06:50.303 NotebookApp] Saving file at /pytorch_to_khadas_TECO_example.ipynb
[I 04:08:50.251 NotebookApp] Saving file at /pytorch_to_khadas_TECO_example.ipynb
[I 04:10:50.251 NotebookApp] Saving file at /pytorch_to_khadas_TECO_example.ipynb
[I 04:12:50.254 NotebookApp] Saving file at /pytorch_to_khadas_TECO_example.ipynb
[I 04:14:50.245 NotebookApp] Saving file at /pytorch_to_khadas_TECO_example.ipynb
[I 04:16:50.260 NotebookApp] Saving file at /pytorch_to_khadas_TECO_example.ipynb
[I 04:18:49.893 NotebookApp] Saving file at /pytorch_to_khadas_TECO_example.ipynb
[I 04:20:49.882 NotebookApp] Saving file at /pytorch_to_khadas_TECO_example.ipynb
[I 04:22:50.254 NotebookApp] Saving file at /pytorch_to_khadas_TECO_example.ipynb
[I 04:24:50.243 NotebookApp] Saving file at /pytorch_to_khadas_TECO_example.ipynb
[I 04:26:50.241 NotebookApp] Saving file at /pytorch_to_khadas_TECO_example.ipynb
[I 04:28:50.263 NotebookApp] Saving file at /pytorch_to_khadas_TECO_example.ipynb
[I 04:30:50.258 NotebookApp] Saving file at /pytorch_to_khadas_TECO_example.ipynb
[I 04:32:49.957 NotebookApp] Saving file at /pytorch_to_khadas_TECO_example.ipynb
[I 04:34:49.907 NotebookApp] Saving file at /pytorch_to_khadas_TECO_example.ipynb
[I 04:36:49.904 NotebookApp] Saving file at /pytorch_to_khadas_TECO_example.ipynb
[I 04:38:49.899 NotebookApp] Saving file at /pytorch_to_khadas_TECO_example.ipynb
[I 04:40:49.891 NotebookApp] Saving file at /pytorch_to_khadas_TECO_example.ipynb
[I 04:42:49.910 NotebookApp] Saving file at /pytorch_to_khadas_TECO_example.ipynb
[I 04:44:49.900 NotebookApp] Saving file at /pytorch_to_khadas_TECO_example.ipynb
[I 04:46:49.920 NotebookApp] Saving file at /pytorch_to_khadas_TECO_example.ipynb
[I 04:48:49.901 NotebookApp] Saving file at /pytorch_to_khadas_TECO_example.ipynb
[I 04:50:49.901 NotebookApp] Saving file at /pytorch_to_khadas_TECO_example.ipynb
[I 04:52:49.889 NotebookApp] Saving file at /pytorch_to_khadas_TECO_example.ipynb
[I 05:39:13.144 NotebookApp] Starting buffering for d1edc98e-543a-4348-bc48-404c33fdcd27:c2923e92f3494197b0a49e1f300edb25
[W 05:39:17.525 NotebookApp] Forbidden
[W 05:39:17.533 NotebookApp] 403 GET /api/sessions?_=1649556276219 (::1) 15.160000ms referer=http://localhost:8888/tree
[W 05:39:17.575 NotebookApp] Forbidden
[W 05:39:17.589 NotebookApp] 403 GET /api/terminals?_=1649556276220 (::1) 18.480000ms referer=http://localhost:8888/tree
[W 05:39:19.253 NotebookApp] 403 POST /api/shutdown (::1) 80.620000ms referer=http://localhost:8888/tree
[W 05:39:25.393 NotebookApp] 403 POST /api/shutdown (::1) 8.000000ms referer=http://localhost:8888/tree
[W 05:39:27.412 NotebookApp] 403 POST /api/shutdown (::1) 8.000000ms referer=http://localhost:8888/tree
[W 05:39:32.987 NotebookApp] Forbidden
[W 05:39:32.996 NotebookApp] 403 GET /api/sessions?_=1649556276221 (::1) 11.000000ms referer=http://localhost:8888/tree
[W 05:39:33.007 NotebookApp] Forbidden
[W 05:39:33.026 NotebookApp] 403 GET /api/terminals?_=1649556276222 (::1) 19.660000ms referer=http://localhost:8888/tree
[W 05:39:42.007 NotebookApp] 403 POST /api/shutdown (::1) 5.000000ms referer=http://localhost:8888/tree
[W 05:39:43.235 NotebookApp] 403 POST /api/shutdown (::1) 5.000000ms referer=http://localhost:8888/tree
