Microsoft Windows [Version 10.0.19044.1586]
(c) Microsoft Corporation. All rights reserved.

C:\Users\Sajjad>cd
C:\Users\Sajjad

C:\Users\Sajjad>cd ..

C:\Users>cd ..

C:\>d:

D:\>cd Downloads\novelsense\example-network\2_convert_network

D:\Downloads\novelsense\example-network\2_convert_network>ls
README.md  convert.bat  data  network

D:\Downloads\novelsense\example-network\2_convert_network>./convert.bat
'.' is not recognized as an internal or external command,
operable program or batch file.

D:\Downloads\novelsense\example-network\2_convert_network>convert.bat

D:\Downloads\novelsense\example-network\2_convert_network>docker run --rm --name conv-test -it  --mount type=bind,source=D:\Downloads\novelsense\example-network\2_convert_network\data,target=/acuity-toolkit/python/data  --mount type=bind,source=D:\Downloads\novelsense\example-network\2_convert_network\network,target=/acuity-toolkit/python/network   --mount type=bind,source=D:\Downloads\novelsense\example-network\2_convert_network\outputs,target=/acuity-toolkit/python/outputs  --entrypoint=/acuity-toolkit/python/network/convert-lenet-onnx-to-khadas.sh   ghcr.io/scholz/aml-container:0.0.1
docker: error during connect: This error may indicate that the docker daemon is not running.: Post "http://%2F%2F.%2Fpipe%2Fdocker_engine/v1.24/containers/create?name=conv-test": open //./pipe/docker_engine: The system cannot find the file specified.
See 'docker run --help'.

D:\Downloads\novelsense\example-network\2_convert_network>docker

Usage:  docker [OPTIONS] COMMAND

A self-sufficient runtime for containers

Options:
      --config string      Location of client config files (default
                           "C:\\Users\\Sajjad\\.docker")
  -c, --context string     Name of the context to use to connect to the
                           daemon (overrides DOCKER_HOST env var and
                           default context set with "docker context use")
  -D, --debug              Enable debug mode
  -H, --host list          Daemon socket(s) to connect to
  -l, --log-level string   Set the logging level
                           ("debug"|"info"|"warn"|"error"|"fatal")
                           (default "info")
      --tls                Use TLS; implied by --tlsverify
      --tlscacert string   Trust certs signed only by this CA (default
                           "C:\\Users\\Sajjad\\.docker\\ca.pem")
      --tlscert string     Path to TLS certificate file (default
                           "C:\\Users\\Sajjad\\.docker\\cert.pem")
      --tlskey string      Path to TLS key file (default
                           "C:\\Users\\Sajjad\\.docker\\key.pem")
      --tlsverify          Use TLS and verify the remote
  -v, --version            Print version information and quit

Management Commands:
  builder     Manage builds
  buildx*     Docker Buildx (Docker Inc., v0.8.2)
  compose*    Docker Compose (Docker Inc., v2.4.1)
  config      Manage Docker configs
  container   Manage containers
  context     Manage contexts
  image       Manage images
  manifest    Manage Docker image manifests and manifest lists
  network     Manage networks
  node        Manage Swarm nodes
  plugin      Manage plugins
  sbom*       View the packaged-based Software Bill Of Materials (SBOM) for an image (Anchore Inc., 0.6.0)
  scan*       Docker Scan (Docker Inc., v0.17.0)
  secret      Manage Docker secrets
  service     Manage services
  stack       Manage Docker stacks
  swarm       Manage Swarm
  system      Manage Docker
  trust       Manage trust on Docker images
  volume      Manage volumes

Commands:
  attach      Attach local standard input, output, and error streams to a running container
  build       Build an image from a Dockerfile
  commit      Create a new image from a container's changes
  cp          Copy files/folders between a container and the local filesystem
  create      Create a new container
  diff        Inspect changes to files or directories on a container's filesystem
  events      Get real time events from the server
  exec        Run a command in a running container
  export      Export a container's filesystem as a tar archive
  history     Show the history of an image
  images      List images
  import      Import the contents from a tarball to create a filesystem image
  info        Display system-wide information
  inspect     Return low-level information on Docker objects
  kill        Kill one or more running containers
  load        Load an image from a tar archive or STDIN
  login       Log in to a Docker registry
  logout      Log out from a Docker registry
  logs        Fetch the logs of a container
  pause       Pause all processes within one or more containers
  port        List port mappings or a specific mapping for the container
  ps          List containers
  pull        Pull an image or a repository from a registry
  push        Push an image or a repository to a registry
  rename      Rename a container
  restart     Restart one or more containers
  rm          Remove one or more containers
  rmi         Remove one or more images
  run         Run a command in a new container
  save        Save one or more images to a tar archive (streamed to STDOUT by default)
  search      Search the Docker Hub for images
  start       Start one or more stopped containers
  stats       Display a live stream of container(s) resource usage statistics
  stop        Stop one or more running containers
  tag         Create a tag TARGET_IMAGE that refers to SOURCE_IMAGE
  top         Display the running processes of a container
  unpause     Unpause all processes within one or more containers
  update      Update configuration of one or more containers
  version     Show the Docker version information
  wait        Block until one or more containers stop, then print their exit codes

Run 'docker COMMAND --help' for more information on a command.

To get more help with docker, check out our guides at https://docs.docker.com/go/guides/

D:\Downloads\novelsense\example-network\2_convert_network>convert.bat

D:\Downloads\novelsense\example-network\2_convert_network>docker run --rm --name conv-test -it  --mount type=bind,source=D:\Downloads\novelsense\example-network\2_convert_network\data,target=/acuity-toolkit/python/data  --mount type=bind,source=D:\Downloads\novelsense\example-network\2_convert_network\network,target=/acuity-toolkit/python/network   --mount type=bind,source=D:\Downloads\novelsense\example-network\2_convert_network\outputs,target=/acuity-toolkit/python/outputs  --entrypoint=/acuity-toolkit/python/network/convert-lenet-onnx-to-khadas.sh   ghcr.io/scholz/aml-container:0.0.1
Unable to find image 'ghcr.io/scholz/aml-container:0.0.1' locally
0.0.1: Pulling from scholz/aml-container
11323ed2c653: Pull complete
7afc07ef8dcc: Pull complete
6db1e0ca51d0: Pull complete
e55aa4fb9b12: Pull complete
bb9f92fbdfe2: Pull complete
Digest: sha256:7b0f8f8eb2843ae7fc1350f230b2c7d4a8ae7cb8db0f433c680b5f9cc6f4a012
Status: Downloaded newer image for ghcr.io/scholz/aml-container:0.0.1


--+ KSNN Convert tools v1.2 +--


./network/lenet.onnx not exist

D:\Downloads\novelsense\example-network\2_convert_network>convert.bat

D:\Downloads\novelsense\example-network\2_convert_network>docker run --rm --name conv-test -it  --mount type=bind,source=D:\Downloads\novelsense\example-network\2_convert_network\data,target=/acuity-toolkit/python/data  --mount type=bind,source=D:\Downloads\novelsense\example-network\2_convert_network\network,target=/acuity-toolkit/python/network   --mount type=bind,source=D:\Downloads\novelsense\example-network\2_convert_network\outputs,target=/acuity-toolkit/python/outputs  --entrypoint=/acuity-toolkit/python/network/convert-lenet-onnx-to-khadas.sh   ghcr.io/scholz/aml-container:0.0.1


--+ KSNN Convert tools v1.2 +--


Start import model ...
Illegal instruction


D:\Downloads\novelsense\example-network\2_convert_network>stopped container in docker gui

D:\Downloads\novelsense\example-network\2_convert_network>convert.bat

D:\Downloads\novelsense\example-network\2_convert_network>docker run --rm --name conv-test -it  --mount type=bind,source=D:\Downloads\novelsense\example-network\2_convert_network\data,target=/acuity-toolkit/python/data  --mount type=bind,source=D:\Downloads\novelsense\example-network\2_convert_network\network,target=/acuity-toolkit/python/network   --mount type=bind,source=D:\Downloads\novelsense\example-network\2_convert_network\outputs,target=/acuity-toolkit/python/outputs  --entrypoint=/acuity-toolkit/python/network/convert-lenet-onnx-to-khadas.sh   ghcr.io/scholz/aml-container:0.0.1


--+ KSNN Convert tools v1.2 +--


Start import model ...
Illegal instruction



D:\Downloads\novelsense\example-network\2_convert_network>convert.bat

D:\Downloads\novelsense\example-network\2_convert_network>docker run --rm --name conv-test -it  --mount type=bind,source=D:\Downloads\novelsense\example-network\2_convert_network\data,target=/acuity-toolkit/python/data  --mount type=bind,source=D:\Downloads\novelsense\example-network\2_convert_network\network,target=/acuity-toolkit/python/network   --mount type=bind,source=D:\Downloads\novelsense\example-network\2_convert_network\outputs,target=/acuity-toolkit/python/outputs  --entrypoint=/acuity-toolkit/python/network/convert-lenet-onnx-to-khadas.sh   ghcr.io/scholz/aml-container:0.0.1


--+ KSNN Convert tools v1.2 +--


Start import model ...
Illegal instruction


D:\Downloads\novelsense\example-network\2_convert_network>convert.bat

D:\Downloads\novelsense\example-network\2_convert_network>docker run --rm --name conv-test -it  --mount type=bind,source=D:\Downloads\novelsense\example-network\2_convert_network\data,target=/acuity-toolkit/python/data  --mount type=bind,source=D:\Downloads\novelsense\example-network\2_convert_network\network,target=/acuity-toolkit/python/network   --mount type=bind,source=D:\Downloads\novelsense\example-network\2_convert_network\outputs,target=/acuity-toolkit/python/outputs  --entrypoint=/acuity-toolkit/python/network/convert-lenet-onnx-to-khadas.sh   ghcr.io/scholz/aml-container:0.0.1


--+ KSNN Convert tools v1.2 +--


Start import model ...
Illegal instruction


D:\Downloads\novelsense\example-network\2_convert_network>convert.bat

D:\Downloads\novelsense\example-network\2_convert_network>docker run --rm --name conv-test -it  --mount type=bind,source=D:\Downloads\novelsense\example-network\2_convert_network\data,target=/acuity-toolkit/python/data  --mount type=bind,source=D:\Downloads\novelsense\example-network\2_convert_network\network,target=/acuity-toolkit/python/network   --mount type=bind,source=D:\Downloads\novelsense\example-network\2_convert_network\outputs,target=/acuity-toolkit/python/outputs  --entrypoint=/acuity-toolkit/python/network/convert-lenet-onnx-to-khadas.sh   ghcr.io/scholz/aml-container:0.0.1


--+ KSNN Convert tools v1.2 +--


Start import model ...
Illegal instruction


D:\Downloads\novelsense\example-network\2_convert_network>