khadas@Khadas-teco:~$ cd sajjad/ksnn/examples/tensorflow/
khadas@Khadas-teco:~/sajjad/ksnn/examples/tensorflow$ python3 inceptionv3.py --model ./models/VIM3/inceptionv3.nb --library ./libs/libnn_inceptionv3.so --picture ./data/goldfish_299x299.jpg --level 0
 |--- KSNN Version: v1.0 +---| 
Start init neural network ...
Done.
Get input data ...
Done.
Start inference ...
Traceback (most recent call last):
  File "inceptionv3.py", line 71, in <module>
    outputs = inception.nn_inference(cv_img, platform = 'TENSORFLOW', reorder='0 1 2', output_format=output_format.OUT_FORMAT_FLOAT32)
  File "/home/khadas/.local/lib/python3.8/site-packages/ksnn/api.py", line 215, in nn_inference
    res = self.nn_set_inputs(cv_img, platform=platform, reorder=reorder, tensor=input_tensor)
  File "/home/khadas/.local/lib/python3.8/site-packages/ksnn/api.py", line 137, in nn_set_inputs
    val = self.ksnn_api.neural_network_set_input(pixel_data, reorder_format, platform_format, i)
  File "/home/khadas/.local/lib/python3.8/site-packages/ksnn/kplatform/vim3/vim3_nn_api.py", line 171, in neural_network_set_input
    pre_process = self.detect_so.NPU_SetInput
  File "/usr/lib/python3.8/ctypes/__init__.py", line 386, in __getattr__
    func = self.__getitem__(name)
  File "/usr/lib/python3.8/ctypes/__init__.py", line 391, in __getitem__
    func = self._FuncPtr((name_or_ordinal, self))
AttributeError: ./libs/libnn_inceptionv3.so: undefined symbol: NPU_SetInput
khadas@Khadas-teco:~/sajjad/ksnn/examples/tensorflow$ cd
khadas@Khadas-teco:~$ pip3 install matplotlib
Requirement already satisfied: matplotlib in ./.local/lib/python3.8/site-packages (3.5.1)
Requirement already satisfied: pyparsing>=2.2.1 in ./.local/lib/python3.8/site-packages (from matplotlib) (3.0.6)
Requirement already satisfied: cycler>=0.10 in ./.local/lib/python3.8/site-packages (from matplotlib) (0.11.0)
Requirement already satisfied: fonttools>=4.22.0 in ./.local/lib/python3.8/site-packages (from matplotlib) (4.28.5)
Requirement already satisfied: packaging>=20.0 in ./.local/lib/python3.8/site-packages (from matplotlib) (21.3)
Requirement already satisfied: numpy>=1.17 in ./.local/lib/python3.8/site-packages (from matplotlib) (1.21.0)
Requirement already satisfied: python-dateutil>=2.7 in /usr/lib/python3/dist-packages (from matplotlib) (2.7.3)
Requirement already satisfied: pillow>=6.2.0 in ./.local/lib/python3.8/site-packages (from matplotlib) (6.2.0)
Requirement already satisfied: kiwisolver>=1.0.1 in ./.local/lib/python3.8/site-packages (from matplotlib) (1.3.2)
khadas@Khadas-teco:~$ cd sajjad/ksnn/ksnn/
khadas@Khadas-teco:~/sajjad/ksnn/ksnn$ pip3 install ksnn-1.0-py3-none-any.whl
Processing ./ksnn-1.0-py3-none-any.whl
Requirement already satisfied: opencv-python in /home/khadas/.local/lib/python3.8/site-packages (from ksnn==1.0) (4.5.4.60)
Requirement already satisfied: numpy>=1.21 in /home/khadas/.local/lib/python3.8/site-packages (from ksnn==1.0) (1.21.0)
ksnn is already installed with the same version as the provided wheel. Use --force-reinstall to force an installation of the wheel.
khadas@Khadas-teco:~/sajjad/ksnn/ksnn$ python3 --version
Python 3.8.10
khadas@Khadas-teco:~/sajjad/ksnn/ksnn$ cd ../examples/tensorflow/
khadas@Khadas-teco:~/sajjad/ksnn/examples/tensorflow$ python inceptionv3.py --model ./models/VIM3/inceptionv3.nb --library ./libs/libnn_inceptionv3.so --picture ./data/goldfish_299x299.jpg --level 0
 |--- KSNN Version: v1.0 +---| 
Start init neural network ...
Done.
Get input data ...
Done.
Start inference ...
Traceback (most recent call last):
  File "inceptionv3.py", line 71, in <module>
    outputs = inception.nn_inference(cv_img, platform = 'TENSORFLOW', reorder='0 1 2', output_format=output_format.OUT_FORMAT_FLOAT32)
  File "/home/khadas/.local/lib/python3.8/site-packages/ksnn/api.py", line 215, in nn_inference
    res = self.nn_set_inputs(cv_img, platform=platform, reorder=reorder, tensor=input_tensor)
  File "/home/khadas/.local/lib/python3.8/site-packages/ksnn/api.py", line 137, in nn_set_inputs
    val = self.ksnn_api.neural_network_set_input(pixel_data, reorder_format, platform_format, i)
  File "/home/khadas/.local/lib/python3.8/site-packages/ksnn/kplatform/vim3/vim3_nn_api.py", line 171, in neural_network_set_input
    pre_process = self.detect_so.NPU_SetInput
  File "/usr/lib/python3.8/ctypes/__init__.py", line 386, in __getattr__
    func = self.__getitem__(name)
  File "/usr/lib/python3.8/ctypes/__init__.py", line 391, in __getitem__
    func = self._FuncPtr((name_or_ordinal, self))
AttributeError: ./libs/libnn_inceptionv3.so: undefined symbol: NPU_SetInput
khadas@Khadas-teco:~/sajjad/ksnn/examples/tensorflow$ 

