khadas@Khadas:~/hussain/nbg_unify_mnistrA1$ cd ../nbg_unify_mnistrA2/
khadas@Khadas:~/hussain/nbg_unify_mnistrA2$ ./bin_r_cv4/mnist mnist.nb bmp/2.bmp.jpg
-bash: ./bin_r_cv4/mnist: No such file or directory
khadas@Khadas:~/hussain/nbg_unify_mnistrA2$ ./build_vx.sh
  COMPILE /home/khadas/hussain/nbg_unify_mnistrA2/vnn_pre_process.c
  COMPILE /home/khadas/hussain/nbg_unify_mnistrA2/vnn_mnist.c
vnn_mnist.c: In function ‘vnn_CreateMnist’:
vnn_mnist.c:146:29: warning: unused variable ‘data’ [-Wunused-variable]
  146 |     uint8_t *               data;
      |                             ^~~~
At top level:
vnn_mnist.c:94:17: warning: ‘load_data’ defined but not used [-Wunused-function]
   94 | static uint8_t* load_data
      |                 ^~~~~~~~~
  COMPILE /home/khadas/hussain/nbg_unify_mnistrA2/main.c
  COMPILE /home/khadas/hussain/nbg_unify_mnistrA2/vnn_post_process.c
make: Nothing to be done for 'all'.
khadas@Khadas:~/hussain/nbg_unify_mnistrA2$ ./bin_r_cv4/mnist mnist.nb bmp/2.bmp.jpg
Create Neural Network: 48ms or 48217us
Verify...
Verify Graph: 0ms or 991us
Start run graph [1] times...
Run the 1 time: 9.00ms or 9787.00us
vxProcessGraph execution time:
Total   9.00ms or 9840.00us
Average 9.84ms or 9840.00us
 --- Top5 ---
  2: -0.301304
  7: -2.380300
  3: -2.440561
  4: -2.892517
  8: -4.459297
khadas@Khadas:~/hussain/nbg_unify_mnistrA2$ ./bin_r_cv4/mnist mnist.nb bmp/2.bmp.jpg
Create Neural Network: 124ms or 124918us
Verify...
Verify Graph: 0ms or 975us
Start run graph [1] times...
Run the 1 time: 9.00ms or 9874.00us
vxProcessGraph execution time:
Total   9.00ms or 9908.00us
Average 9.91ms or 9908.00us
 --- Top5 ---
  2: -0.301304
  7: -2.380300
  3: -2.440561
  4: -2.892517
  8: -4.459297
khadas@Khadas:~/hussain/nbg_unify_mnistrA2$ ./bin_r_cv4/mnist mnist.nb bmp/2.bmp.jpg
Create Neural Network: 40ms or 40365us
Verify...
Verify Graph: 0ms or 980us
Start run graph [1] times...
Run the 1 time: 9.00ms or 9785.00us
vxProcessGraph execution time:
Total   9.00ms or 9828.00us
Average 9.83ms or 9828.00us
 --- Top5 ---
  2: -0.301304
  7: -2.380300
  3: -2.440561
  4: -2.892517
  8: -4.459297
khadas@Khadas:~/hussain/nbg_unify_mnistrA2$ ./bin_r_cv4/mnist mnist.nb bmp/2.bmp.jpg
Create Neural Network: 50ms or 50732us
Verify...
Verify Graph: 0ms or 982us
Start run graph [1] times...
Run the 1 time: 9.00ms or 9777.00us
vxProcessGraph execution time:
Total   9.00ms or 9821.00us
Average 9.82ms or 9821.00us
 --- Top5 ---
  2: -0.301304
  7: -2.380300
  3: -2.440561
  4: -2.892517
  8: -4.459297
khadas@Khadas:~/hussain/nbg_unify_mnistrA2$ ./bin_r_cv4/mnist mnist.nb bmp/2.bmp.jpg
Create Neural Network: 48ms or 48863us
Verify...
Verify Graph: 1ms or 1000us
Start run graph [1] times...
Run the 1 time: 9.00ms or 9774.00us
vxProcessGraph execution time:
Total   9.00ms or 9814.00us
Average 9.81ms or 9814.00us
 --- Top5 ---
  2: -0.301304
  7: -2.380300
  3: -2.440561
  4: -2.892517
  8: -4.459297
khadas@Khadas:~/hussain/nbg_unify_mnistrA2$
