khadas@Khadas:~/hussain/nbg_unify_mnistrA0$ cd ../nbg_unify_mnistrA1/
khadas@Khadas:~/hussain/nbg_unify_mnistrA1$ ./bin_r_cv4/mnist mnist.nb bmp/2.bmp.jpg
-bash: ./bin_r_cv4/mnist: No such file or directory
khadas@Khadas:~/hussain/nbg_unify_mnistrA1$ ./build_vx.sh
  COMPILE /home/khadas/hussain/nbg_unify_mnistrA1/vnn_pre_process.c
  COMPILE /home/khadas/hussain/nbg_unify_mnistrA1/vnn_mnist.c
vnn_mnist.c: In function ‘vnn_CreateMnist’:
vnn_mnist.c:146:29: warning: unused variable ‘data’ [-Wunused-variable]
  146 |     uint8_t *               data;
      |                             ^~~~
At top level:
vnn_mnist.c:94:17: warning: ‘load_data’ defined but not used [-Wunused-function]
   94 | static uint8_t* load_data
      |                 ^~~~~~~~~
  COMPILE /home/khadas/hussain/nbg_unify_mnistrA1/main.c
  COMPILE /home/khadas/hussain/nbg_unify_mnistrA1/vnn_post_process.c
make: Nothing to be done for 'all'.
khadas@Khadas:~/hussain/nbg_unify_mnistrA1$ ./bin_r_cv4/mnist mnist.nb bmp/2.bmp.jpg
Create Neural Network: 38ms or 38672us
Verify...
Verify Graph: 0ms or 917us
Start run graph [1] times...
Run the 1 time: 8.00ms or 8579.00us
vxProcessGraph execution time:
Total   8.00ms or 8617.00us
Average 8.62ms or 8617.00us
 --- Top5 ---
  2: -0.510231
  8: -1.484309
  3: -2.087309
  7: -3.826733
  1: -4.151426
khadas@Khadas:~/hussain/nbg_unify_mnistrA1$ ./bin_r_cv4/mnist mnist.nb bmp/2.bmp.jpg
Create Neural Network: 42ms or 42361us
Verify...
Verify Graph: 0ms or 927us
Start run graph [1] times...
Run the 1 time: 8.00ms or 8620.00us
vxProcessGraph execution time:
Total   8.00ms or 8658.00us
Average 8.66ms or 8658.00us
 --- Top5 ---
  2: -0.510231
  8: -1.484309
  3: -2.087309
  7: -3.826733
  1: -4.151426
khadas@Khadas:~/hussain/nbg_unify_mnistrA1$ ./bin_r_cv4/mnist mnist.nb bmp/2.bmp.jpg
Create Neural Network: 57ms or 57848us
Verify...
Verify Graph: 1ms or 1323us
Start run graph [1] times...
Run the 1 time: 10.00ms or 10791.00us
vxProcessGraph execution time:
Total   10.00ms or 10898.00us
Average 10.90ms or 10898.00us
 --- Top5 ---
  2: -0.510231
  8: -1.484309
  3: -2.087309
  7: -3.826733
  1: -4.151426
khadas@Khadas:~/hussain/nbg_unify_mnistrA1$ ./bin_r_cv4/mnist mnist.nb bmp/2.bmp.jpg
Create Neural Network: 51ms or 51113us
Verify...
Verify Graph: 0ms or 965us
Start run graph [1] times...
Run the 1 time: 8.00ms or 8899.00us
vxProcessGraph execution time:
Total   8.00ms or 8950.00us
Average 8.95ms or 8950.00us
 --- Top5 ---
  2: -0.510231
  8: -1.484309
  3: -2.087309
  7: -3.826733
  1: -4.151426
khadas@Khadas:~/hussain/nbg_unify_mnistrA1$ ./bin_r_cv4/mnist mnist.nb bmp/2.bmp.jpg
Create Neural Network: 48ms or 48946us
Verify...
Verify Graph: 1ms or 1704us
Start run graph [1] times...
Run the 1 time: 8.00ms or 8741.00us
vxProcessGraph execution time:
Total   8.00ms or 8791.00us
Average 8.79ms or 8791.00us
 --- Top5 ---
  2: -0.510231
  8: -1.484309
  3: -2.087309
  7: -3.826733
  1: -4.151426
khadas@Khadas:~/hussain/nbg_unify_mnistrA1$
